
   ***************************************** 
   **** OUTPUT FROM DALTON SHELL SCRIPT **** 
   ***************************************** 

   Dalton Release DALTON2011 (DEVELOPMENT VERSION)

   Invocation: /home/bast/dalton/develop/external/openrsp/../../build/dalton -d -put DALTON.HES -nobackup -noarch hf.dal h2o2+p.mol

   Fri Apr 27 17:55:53 CEST 2012

   Calculation: hf_h2o2+p  (input files: hf.dal and h2o2+p.mol)
   PID        : 25414
   Input dir  : /home/bast/dalton/develop/external/openrsp/test/Egfff-static
   Scratch dir: /scratch/DALTON_scratch/bast/hf_h2o2+p

copying DALTON.HES to scratch directory
dipmom = -Ef
 -0.000224568939 -0.000000621286  0.985719636314

 before response solver: norm(RHS) =   0.804645209066645     
 before response solver: norm(RHS) =    2.40913277458104     
 before response solver: norm(RHS) =    1.89327428806133     
 
Alpha = -Eff w: 0.000 0.000
   1.44541093172   1.75411224827  -0.00181705388
   1.75411224828  10.11203219541  -0.00036523530
  -0.00181705388  -0.00036523531   5.61867204540

d/dg dipmom = -Egf w: 0.000 0.000
 -0.224734166958 -0.005967155965  0.217211181054 -0.224403723894 -0.005986825416 -0.217369109683  0.224698635624  0.005969104889 -0.171367865171  0.224439255228  0.005984876493  0.171525793800
 -0.000590555367 -0.122723261912 -0.206858204216 -0.000652003290 -0.122570629948  0.206766394379  0.000634809664  0.122669654029  0.001695526336  0.000607748993  0.122624237832 -0.001603716498
  0.208006290787 -0.045178556284  0.116539927910 -0.208150715731  0.045170187316  0.116352543129 -0.160906429788  0.021850761612 -0.116518787959  0.161050854733 -0.021842392644 -0.116373683080

 before response solver: norm(RHS) =   0.871526090312249     
 
 before response solver: norm(RHS) =   0.620887838708609     
 before response solver: norm(RHS) =    4.84761809780249     
 
 before response solver: norm(RHS) =    1.21857541667086     
 before response solver: norm(RHS) =    1.35334389493882     
 before response solver: norm(RHS) =    2.21058795236799     
 
Beta = -Efff w: 0.000 0.000 0.000
   0.00213702350   0.00153026505  -2.51223010198
   0.00153026502   0.00177072263  -2.54226748152
  -2.51223010198  -2.54226748149   0.00300881726
   0.00153026502   0.00177072263  -2.54226748152
   0.00177072257   0.00133129215  -5.01429448551
  -2.54226748152  -5.01429448549   0.00004932519
  -2.51223010198  -2.54226748149   0.00300881726
  -2.54226748152  -5.01429448549   0.00004932519
   0.00300881725   0.00004932504 -10.09730815674

d/dg Alpha = -Egff w: 0.000 0.000 0.000
  -0.96755682333  -0.00477487868  -0.32995967793   0.97016382326   0.00473166823  -0.33069209072   1.81672218326   0.02907019095   0.33004808123  -1.81932918319  -0.02902698049   0.33060368742
   1.70546838534   0.29250746345  -0.62218008042  -1.70467736486  -0.29148348536  -0.62284665452   1.44648180425   0.81670925227   0.62227319569  -1.44727282473  -0.81773323037   0.62275353925
  -1.81668966772   0.01817837025  -1.07406437975  -1.81741820384   0.01845800667   1.07551428994   1.81665174139  -0.01832960348   1.36627369433   1.81745613017  -0.01830677344  -1.36772360452
   1.70546838534   0.29250746345  -0.62218008042  -1.70467736486  -0.29148348536  -0.62284665452   1.44648180425   0.81670925227   0.62227319569  -1.44727282473  -0.81773323037   0.62275353925
  -0.81454523834  10.76133107897  -1.44213818249   0.81529631013 -10.76072689373  -1.44160493464   0.51141940527   2.14916377131   1.44200872977  -0.51217047706  -2.14976795654   1.44173438736
  -0.36486607168  -1.58917742364   0.84130784822  -0.36560455879  -1.58875855893  -0.84100273225   0.36495993255   1.58886745533   2.15059100980   0.36551069792   1.58906852724  -2.15089612578
  -1.81668966772   0.01817837025  -1.07406437975  -1.81741820384   0.01845800667   1.07551428994   1.81665174139  -0.01832960348   1.36627369433   1.81745613017  -0.01830677344  -1.36772360452
  -0.36486607168  -1.58917742364   0.84130784822  -0.36560455879  -1.58875855893  -0.84100273225   0.36495993255   1.58886745533   2.15059100980   0.36551069792   1.58906852724  -2.15089612578
  -0.46038531876   0.44283258213  -3.88345914541   0.46075538518  -0.44269569883  -3.88343098609   0.38979051037   0.03542931655   3.88317883232  -0.39016057679  -0.03556619985   3.88371129918

 before response solver: norm(RHS) =    1.76348831006480     
 
 before response solver: norm(RHS) =    2.78506786818469     
 
 before response solver: norm(RHS) =    9.09197944923863     
 before response solver: norm(RHS) =    58.2205569242860     
 
 before response solver: norm(RHS) =    2.88224088028260     
 
 before response solver: norm(RHS) =    3.76817650869500     
 before response solver: norm(RHS) =    6.88402397853549     
 
 before response solver: norm(RHS) =    4.68727358977723     
 before response solver: norm(RHS) =    6.17302261748214     
 before response solver: norm(RHS) =    10.1803015828074     
 
Gamma = -Effff w: 0.000 0.000 0.000 0.000
   -0.3488348561   -3.8566144354    0.0009188096
   -3.8566144354  -11.3619593154    0.0043993606
    0.0009188096    0.0043993605    1.3445578380
   -3.8566144354  -11.3619593154    0.0043993606
  -11.3619593153  -25.7018204726    0.0001716473
    0.0043993605    0.0001716474   -4.3359900486
    0.0009188096    0.0043993605    1.3445578380
    0.0043993605    0.0001716474   -4.3359900486
    1.3445578381   -4.3359900486    0.0037540495
   -3.8566144354  -11.3619593154    0.0043993606
  -11.3619593153  -25.7018204726    0.0001716473
    0.0043993605    0.0001716474   -4.3359900486
  -11.3619593153  -25.7018204726    0.0001716473
  -25.7018204724 -135.5250242343    0.0036972438
    0.0001716472    0.0036972447    1.4847712644
    0.0043993605    0.0001716474   -4.3359900486
    0.0001716472    0.0036972447    1.4847712644
   -4.3359900485    1.4847712644    0.0062242747
    0.0009188096    0.0043993605    1.3445578380
    0.0043993605    0.0001716474   -4.3359900486
    1.3445578381   -4.3359900486    0.0037540495
    0.0043993605    0.0001716474   -4.3359900486
    0.0001716472    0.0036972447    1.4847712644
   -4.3359900485    1.4847712644    0.0062242747
    1.3445578381   -4.3359900486    0.0037540495
   -4.3359900485    1.4847712644    0.0062242747
    0.0037540494    0.0062242748    4.9428299042

d/dg Beta = -Egfff w: 0.000 0.000 0.000 0.000
  2.134821290267 -0.284983898270 -0.024757726158  2.139226545038 -0.285222245374  0.024903261024 -2.134035796271  0.284964216953  0.295640533443 -2.140012039035  0.285241926691 -0.295786068309
  1.530111171532  0.516532083977  0.297605528743  1.530419132079  0.517201265048 -0.297817613607 -1.529243539701 -0.516018115545 -0.014396822595 -1.531286763910 -0.517715233480  0.014608907459
  2.699473008417 -0.221445542098  0.747691567155 -2.703007215638  0.221279342391  0.748654613066 -3.593794251931  0.201053866622 -0.747256810851  3.597328459152 -0.200887666915 -0.749089369369
  1.530111171532  0.516532083977  0.297605528743  1.530419132079  0.517201265048 -0.297817613607 -1.529243539701 -0.516018115545 -0.014396822595 -1.531286763910 -0.517715233480  0.014608907459
  1.771318871595  2.505345382813 -0.370877247005  1.770127657936  2.505192785273  0.370600655588 -1.770337457776 -2.503652979610 -0.645236827665 -1.771109071755 -2.506885188477  0.645513419083
  0.611722544498  0.604230984478  1.170585575701 -0.611924168407 -0.605024712076  1.171672376606 -1.816960153337 -1.482539829913 -1.170660965421  1.817161777246  1.483333557511 -1.171596986886
  2.699473008417 -0.221445542098  0.747691567155 -2.703007215638  0.221279342391  0.748654613066 -3.593794251931  0.201053866622 -0.747256810851  3.597328459152 -0.200887666915 -0.749089369369
  0.611722544498  0.604230984478  1.170585575701 -0.611924168407 -0.605024712076  1.171672376606 -1.816960153337 -1.482539829913 -1.170660965421  1.817161777246  1.483333557511 -1.171596986886
  3.009298843559  0.023884406091  2.571992599808  3.008335100028  0.023403145731 -2.573931894930 -3.009081227925 -0.023375033877 -3.593178101950 -3.008552715662 -0.023912517944  3.595117397073
  1.530111171532  0.516532083977  0.297605528743  1.530419132079  0.517201265048 -0.297817613607 -1.529243539701 -0.516018115545 -0.014396822595 -1.531286763910 -0.517715233480  0.014608907459
  1.771318871595  2.505345382813 -0.370877247005  1.770127657936  2.505192785273  0.370600655588 -1.770337457776 -2.503652979610 -0.645236827665 -1.771109071755 -2.506885188477  0.645513419083
  0.611722544498  0.604230984478  1.170585575701 -0.611924168407 -0.605024712076  1.171672376606 -1.816960153337 -1.482539829913 -1.170660965421  1.817161777246  1.483333557511 -1.171596986886
  1.771318871595  2.505345382813 -0.370877247005  1.770127657936  2.505192785273  0.370600655588 -1.770337457776 -2.503652979610 -0.645236827665 -1.771109071755 -2.506885188477  0.645513419083
  1.329917723862  2.139375976000  6.758184042997  1.332665459139  2.135471169182 -6.756115248732 -1.330671970456 -2.136378778959 -3.219948077524 -1.331911212545 -2.138468366223  3.217879283260
 -0.692448295870  0.171541570695  2.882605833512  0.691776063829 -0.170302128115  2.883214974994 -0.350269298453 -5.967395673920 -2.882903710607  0.350941530494  5.966156231339 -2.882917097899
  0.611722544498  0.604230984478  1.170585575701 -0.611924168407 -0.605024712076  1.171672376606 -1.816960153337 -1.482539829913 -1.170660965421  1.817161777246  1.483333557511 -1.171596986886
 -0.692448295870  0.171541570695  2.882605833512  0.691776063829 -0.170302128115  2.883214974994 -0.350269298453 -5.967395673920 -2.882903710607  0.350941530494  5.966156231339 -2.882917097899
  0.048877323227  1.568689293613  2.827167015374  0.049772790016  1.568151389113 -2.826962673232 -0.049334952338 -1.568315186050 -3.801329075085 -0.049315160904 -1.568525496676  3.801124732943
  2.699473008417 -0.221445542098  0.747691567155 -2.703007215638  0.221279342391  0.748654613066 -3.593794251931  0.201053866622 -0.747256810851  3.597328459152 -0.200887666915 -0.749089369369
  0.611722544498  0.604230984478  1.170585575701 -0.611924168407 -0.605024712076  1.171672376606 -1.816960153337 -1.482539829913 -1.170660965421  1.817161777246  1.483333557511 -1.171596986886
  3.009298843559  0.023884406091  2.571992599808  3.008335100028  0.023403145731 -2.573931894930 -3.009081227925 -0.023375033877 -3.593178101950 -3.008552715662 -0.023912517944  3.595117397073
  0.611722544498  0.604230984478  1.170585575701 -0.611924168407 -0.605024712076  1.171672376606 -1.816960153337 -1.482539829913 -1.170660965421  1.817161777246  1.483333557511 -1.171596986886
 -0.692448295870  0.171541570695  2.882605833512  0.691776063829 -0.170302128115  2.883214974994 -0.350269298453 -5.967395673920 -2.882903710607  0.350941530494  5.966156231339 -2.882917097899
  0.048877323227  1.568689293613  2.827167015374  0.049772790016  1.568151389113 -2.826962673232 -0.049334952338 -1.568315186050 -3.801329075085 -0.049315160904 -1.568525496676  3.801124732943
  3.009298843559  0.023884406091  2.571992599808  3.008335100028  0.023403145731 -2.573931894930 -3.009081227925 -0.023375033877 -3.593178101950 -3.008552715662 -0.023912517944  3.595117397073
  0.048877323227  1.568689293613  2.827167015374  0.049772790016  1.568151389113 -2.826962673232 -0.049334952338 -1.568315186050 -3.801329075085 -0.049315160904 -1.568525496676  3.801124732943
 -0.594298730288 -1.749923577035  6.879983089164  0.596104997361  1.749839539635  6.878241448509  0.294046770053 -0.474687273076 -6.879739048766 -0.295853037126  0.474771310476 -6.878485488907

hf_h2o2+p.tar.gz has not been created and has thus not been copied to /home/bast/dalton/develop/external/openrsp/test/Egfff-static
----------------------------------------------------------
WARNING for ERROR  (Dalton program stopped with exit code 0)
- THEREFORE scratch directory /scratch/DALTON_scratch/bast/hf_h2o2+p is not deleted
  by this script so you may restart the calculation, if possible
  ( /scratch/DALTON_scratch/bast/hf_h2o2+p may be deleted by your queueing system )
- REMEMBER to delete /scratch/DALTON_scratch/bast/hf_h2o2+p yourself !!!

Output from 'grep -n ERROR' :
140:.MAX ERROR                                        

   Fri Apr 27 17:55:57 CEST 2012
   ***************************************** 
