
   ***************************************** 
   **** OUTPUT FROM DALTON SHELL SCRIPT **** 
   ***************************************** 

   Dalton Release DALTON2011 (DEVELOPMENT VERSION)

   Invocation: /home/bast/dalton/develop/external/openrsp/../../build/dalton -d -put DALTON.HES -nobackup -noarch vibgamma.dal h2o2.mol

   Fri Apr 27 16:46:50 CEST 2012

   Calculation: vibgamma_h2o2  (input files: vibgamma.dal and h2o2.mol)
   PID        : 22833
   Input dir  : /home/bast/dalton/develop/external/openrsp/test/Egfff-static
   Scratch dir: /scratch/DALTON_scratch/bast/vibgamma_h2o2

copying DALTON.HES to scratch directory
dipmom = -Ef
  0.000000000000  0.000000000000  0.985511539701

 before response solver: norm(RHS) =   0.805207922108665     
 before response solver: norm(RHS) =    2.40914032931844     
 before response solver: norm(RHS) =    1.89338117693850     
 
Alpha = -Eff w: 0.000 0.000
   1.44638032538   1.75240717342   0.00000000000
   1.75240717342  10.11284852168   0.00000000000
   0.00000000000   0.00000000000   5.61913277365

d/dg dipmom = -Egf w: 0.000 0.000
 -0.224403713529 -0.006020071063  0.217452845450 -0.224403713529 -0.006020071063 -0.217452845450  0.224403713529  0.006020071063 -0.171537904065  0.224403713529  0.006020071063  0.171537904065
 -0.000651969020 -0.122647746107 -0.206644717276 -0.000651969020 -0.122647746106  0.206644717276  0.000651969020  0.122647746106  0.001573992459  0.000651969020  0.122647746106 -0.001573992459
  0.208186835161 -0.045098527105  0.116363514543 -0.208186835161  0.045098527105  0.116363514543 -0.161064220245  0.021820817693 -0.116363514543  0.161064220245 -0.021820817693 -0.116363514543

 before response solver: norm(RHS) =   0.871621706566184     
 
 before response solver: norm(RHS) =   0.620503089560222     
 before response solver: norm(RHS) =    4.84768215681054     
 
 before response solver: norm(RHS) =    1.21928373753505     
 before response solver: norm(RHS) =    1.35310729663002     
 before response solver: norm(RHS) =    2.21042274435409     
 
Beta = -Efff w: 0.000 0.000 0.000
   0.00000000000   0.00000000000  -2.51493125261
   0.00000000000   0.00000000000  -2.54287994257
  -2.51493125261  -2.54287994254   0.00000000000
   0.00000000000   0.00000000000  -2.54287994257
   0.00000000000   0.00000000000  -5.01360238176
  -2.54287994256  -5.01360238173   0.00000000000
  -2.51493125261  -2.54287994254   0.00000000000
  -2.54287994256  -5.01360238173   0.00000000000
   0.00000000000   0.00000000000 -10.09671351459

d/dg Alpha = -Egff w: 0.000 0.000 0.000
  -0.97123067893  -0.00506008774  -0.33050508849   0.97123067893   0.00506008773  -0.33050508849   1.81896080621   0.02901927768   0.33050508849  -1.81896080621  -0.02901927768   0.33050508849
   1.70468141980   0.28933167155  -0.62262767886  -1.70468141980  -0.28933167155  -0.62262767886   1.44723841713   0.81764826692   0.62262767886  -1.44723841713  -0.81764826692   0.62262767886
  -1.81741818190   0.01829240002  -1.07594078400  -1.81741818190   0.01829240002   1.07594078400   1.81741818190  -0.01829240002   1.36746879125   1.81741818190  -0.01829240002  -1.36746879125
   1.70468141980   0.28933167155  -0.62262767886  -1.70468141980  -0.28933167155  -0.62262767886   1.44723841713   0.81764826692   0.62262767886  -1.44723841713  -0.81764826692   0.62262767886
  -0.81810732123  10.76165099000  -1.44179066164   0.81810732123 -10.76165099000  -1.44179066164   0.51233090497   2.14963172172   1.44179066164  -0.51233090497  -2.14963172172   1.44179066164
  -0.36560468238  -1.58896197365   0.84094763651  -0.36560468238  -1.58896197365  -0.84094763651   0.36560468238   1.58896197365   2.15101011918   0.36560468238   1.58896197365  -2.15101011918
  -1.81741818190   0.01829240002  -1.07594078400  -1.81741818190   0.01829240002   1.07594078400   1.81741818190  -0.01829240002   1.36746879125   1.81741818190  -0.01829240002  -1.36746879125
  -0.36560468238  -1.58896197365   0.84094763651  -0.36560468238  -1.58896197365  -0.84094763651   0.36560468238   1.58896197365   2.15101011918   0.36560468238   1.58896197365  -2.15101011918
  -0.46107107957   0.44246692505  -3.88358810846   0.46107107957  -0.44246692505  -3.88358810846   0.39024234935   0.03546448664   3.88358810846  -0.39024234935  -0.03546448664   3.88358810846

 before response solver: norm(RHS) =    1.76468248192319     
 
 before response solver: norm(RHS) =    2.78287515892075     
 
 before response solver: norm(RHS) =    9.08376228864975     
 before response solver: norm(RHS) =    58.2284533218591     
 
 before response solver: norm(RHS) =    2.88525854676918     
 
 before response solver: norm(RHS) =    3.77048925743826     
 before response solver: norm(RHS) =    6.88572702469997     
 
 before response solver: norm(RHS) =    4.69008251393438     
 before response solver: norm(RHS) =    6.17451120107803     
 before response solver: norm(RHS) =    10.1815675735271     
 
Gamma = -Effff w: 0.000 0.000 0.000 0.000
   -0.3499973117   -3.8521336156    0.0000000000
   -3.8521336156  -11.3514514404    0.0000000000
    0.0000000000    0.0000000000    1.3482622963
   -3.8521336156  -11.3514514404    0.0000000000
  -11.3514514404  -25.6934848502    0.0000000000
    0.0000000000    0.0000000000   -4.3437483968
    0.0000000000    0.0000000000    1.3482622963
    0.0000000000    0.0000000000   -4.3437483968
    1.3482622963   -4.3437483968    0.0000000000
   -3.8521336156  -11.3514514404    0.0000000000
  -11.3514514404  -25.6934848502    0.0000000000
    0.0000000000    0.0000000000   -4.3437483968
  -11.3514514404  -25.6934848502    0.0000000000
  -25.6934848501 -135.5754430256    0.0000000000
    0.0000000000    0.0000000000    1.4728736495
    0.0000000000    0.0000000000   -4.3437483968
    0.0000000000    0.0000000000    1.4728736495
   -4.3437483968    1.4728736496    0.0000000000
    0.0000000000    0.0000000000    1.3482622963
    0.0000000000    0.0000000000   -4.3437483968
    1.3482622963   -4.3437483968    0.0000000000
    0.0000000000    0.0000000000   -4.3437483968
    0.0000000000    0.0000000000    1.4728736495
   -4.3437483968    1.4728736496    0.0000000000
    1.3482622963   -4.3437483968    0.0000000000
   -4.3437483968    1.4728736496    0.0000000000
    0.0000000000    0.0000000000    4.9270718080

d/dg Beta = -Egfff w: 0.000 0.000 0.000 0.000
  2.139226326031 -0.284989898101 -0.025614558609  2.139226326031 -0.284989898101  0.025614558609 -2.139226326031  0.284989898101  0.296243437312 -2.139226326031  0.284989898101 -0.296243437312
  1.530419578577  0.516744238070  0.297921915646  1.530419578577  0.516744238070 -0.297921915646 -1.530419578577 -0.516744238070 -0.013773704801 -1.530419578577 -0.516744238070  0.013773704801
  2.702827465398 -0.221336618615  0.748788754787 -2.702827465398  0.221336618615  0.748788754787 -3.597216722076  0.200795724247 -0.748788754787  3.597216722076 -0.200795724247 -0.748788754787
  1.530419578577  0.516744238070  0.297921915646  1.530419578577  0.516744238070 -0.297921915646 -1.530419578577 -0.516744238070 -0.013773704801 -1.530419578577 -0.516744238070  0.013773704801
  1.770127114134  2.506736588265 -0.372863684104  1.770127114134  2.506736588262  0.372863684104 -1.770127114134 -2.506736588264 -0.644705255908 -1.770127114134 -2.506736588264  0.644705255908
  0.613199994843  0.604690033921  1.171143567612 -0.613199994843 -0.604690033921  1.171143567612 -1.817189857590 -1.482471886622 -1.171143567612  1.817189857590  1.482471886622 -1.171143567612
  2.702827465398 -0.221336618615  0.748788754787 -2.702827465398  0.221336618615  0.748788754787 -3.597216722076  0.200795724247 -0.748788754787  3.597216722076 -0.200795724247 -0.748788754787
  0.613199994843  0.604690033921  1.171143567612 -0.613199994843 -0.604690033921  1.171143567612 -1.817189857590 -1.482471886622 -1.171143567612  1.817189857590  1.482471886622 -1.171143567612
  3.008335169108  0.023882054660  2.573858167650  3.008335169108  0.023882054659 -2.573858167650 -3.008335169108 -0.023882054659 -3.595463495759 -3.008335169108 -0.023882054660  3.595463495759
  1.530419578577  0.516744238070  0.297921915646  1.530419578577  0.516744238070 -0.297921915646 -1.530419578577 -0.516744238070 -0.013773704801 -1.530419578577 -0.516744238070  0.013773704801
  1.770127114134  2.506736588265 -0.372863684104  1.770127114134  2.506736588262  0.372863684104 -1.770127114134 -2.506736588264 -0.644705255908 -1.770127114134 -2.506736588264  0.644705255908
  0.613199994843  0.604690033921  1.171143567612 -0.613199994843 -0.604690033921  1.171143567612 -1.817189857590 -1.482471886622 -1.171143567612  1.817189857590  1.482471886622 -1.171143567612
  1.770127114134  2.506736588265 -0.372863684104  1.770127114134  2.506736588262  0.372863684104 -1.770127114134 -2.506736588264 -0.644705255908 -1.770127114134 -2.506736588264  0.644705255908
  1.332664732498  2.138497515374  6.753207200579  1.332664732498  2.138497515351 -6.753207200579 -1.332664732498 -2.138497515363 -3.217337278046 -1.332664732498 -2.138497515363  3.217337278046
 -0.691758631609  0.171759725454  2.883071450340  0.691758631609 -0.171759725454  2.883071450340 -0.350228926307 -5.965877121633 -2.883071450340  0.350228926307  5.965877121633 -2.883071450340
  0.613199994843  0.604690033921  1.171143567612 -0.613199994843 -0.604690033921  1.171143567612 -1.817189857590 -1.482471886622 -1.171143567612  1.817189857590  1.482471886622 -1.171143567612
 -0.691758631609  0.171759725454  2.883071450340  0.691758631609 -0.171759725454  2.883071450340 -0.350228926307 -5.965877121633 -2.883071450340  0.350228926307  5.965877121633 -2.883071450340
  0.049772719420  1.568195866666  2.827514411709  0.049772719420  1.568195866667 -2.827514411709 -0.049772719420 -1.568195866667 -3.801147980168 -0.049772719420 -1.568195866667  3.801147980168
  2.702827465398 -0.221336618615  0.748788754787 -2.702827465398  0.221336618615  0.748788754787 -3.597216722076  0.200795724247 -0.748788754787  3.597216722076 -0.200795724247 -0.748788754787
  0.613199994843  0.604690033921  1.171143567612 -0.613199994843 -0.604690033921  1.171143567612 -1.817189857590 -1.482471886622 -1.171143567612  1.817189857590  1.482471886622 -1.171143567612
  3.008335169108  0.023882054660  2.573858167650  3.008335169108  0.023882054659 -2.573858167650 -3.008335169108 -0.023882054659 -3.595463495759 -3.008335169108 -0.023882054660  3.595463495759
  0.613199994843  0.604690033921  1.171143567612 -0.613199994843 -0.604690033921  1.171143567612 -1.817189857590 -1.482471886622 -1.171143567612  1.817189857590  1.482471886622 -1.171143567612
 -0.691758631609  0.171759725454  2.883071450340  0.691758631609 -0.171759725454  2.883071450340 -0.350228926307 -5.965877121633 -2.883071450340  0.350228926307  5.965877121633 -2.883071450340
  0.049772719420  1.568195866666  2.827514411709  0.049772719420  1.568195866667 -2.827514411709 -0.049772719420 -1.568195866667 -3.801147980168 -0.049772719420 -1.568195866667  3.801147980168
  3.008335169108  0.023882054660  2.573858167650  3.008335169108  0.023882054659 -2.573858167650 -3.008335169108 -0.023882054659 -3.595463495759 -3.008335169108 -0.023882054660  3.595463495759
  0.049772719420  1.568195866666  2.827514411709  0.049772719420  1.568195866667 -2.827514411709 -0.049772719420 -1.568195866667 -3.801147980168 -0.049772719420 -1.568195866667  3.801147980168
 -0.594985769277 -1.749371145163  6.878177979627  0.594985769276  1.749371145162  6.878177979627  0.295578006402 -0.473986017438 -6.878177979627 -0.295578006402  0.473986017439 -6.878177979628

vibgamma_h2o2.tar.gz has not been created and has thus not been copied to /home/bast/dalton/develop/external/openrsp/test/Egfff-static
----------------------------------------------------------
WARNING for ERROR  (Dalton program stopped with exit code 0)
- THEREFORE scratch directory /scratch/DALTON_scratch/bast/vibgamma_h2o2 is not deleted
  by this script so you may restart the calculation, if possible
  ( /scratch/DALTON_scratch/bast/vibgamma_h2o2 may be deleted by your queueing system )
- REMEMBER to delete /scratch/DALTON_scratch/bast/vibgamma_h2o2 yourself !!!

Output from 'grep -n ERROR' :
140:.MAX ERROR                                        

   Fri Apr 27 16:46:52 CEST 2012
   ***************************************** 
