
   ***************************************** 
   **** OUTPUT FROM DALTON SHELL SCRIPT **** 
   ***************************************** 

   Dalton Release DALTON2011 (DEVELOPMENT VERSION)

   Invocation: /home/bast/dalton/develop/external/openrsp/../../build/dalton -d -put DALTON.HES -nobackup -noarch hf.dal h2o2-p.mol

   Fri Apr 27 17:55:57 CEST 2012

   Calculation: hf_h2o2-p  (input files: hf.dal and h2o2-p.mol)
   PID        : 25455
   Input dir  : /home/bast/dalton/develop/external/openrsp/test/Egfff-static
   Scratch dir: /scratch/DALTON_scratch/bast/hf_h2o2-p

copying DALTON.HES to scratch directory
dipmom = -Ef
  0.000224238391  0.000000682543  0.985303262846

 before response solver: norm(RHS) =   0.805772196903030     
 before response solver: norm(RHS) =    2.40914813629443     
 before response solver: norm(RHS) =    1.89348817584919     
 
Alpha = -Eff w: 0.000 0.000
   1.44735339341   1.75070288520   0.00181778261
   1.75070288520  10.11366841012   0.00036597431
   0.00181778261   0.00036597431   5.61959418732

d/dg dipmom = -Egf w: 0.000 0.000
 -0.224073069620 -0.006072783044  0.217693800256 -0.224403723717 -0.006053283478 -0.217536337356  0.224108650306  0.006070872974 -0.171707435451  0.224368143031  0.006055193547  0.171549972551
 -0.000713068929 -0.122572225012 -0.206431126862 -0.000652003269 -0.122724894759  0.206523015475  0.000668900039  0.122625847204  0.001452432288  0.000696172159  0.122671272567 -0.001544320901
  0.208366771835 -0.045018387375  0.116187002585 -0.208222786158  0.045026847955  0.116374539570 -0.161221545668  0.021790766215 -0.116208183082  0.161077559991 -0.021799226795 -0.116353359074

 before response solver: norm(RHS) =   0.871718066923686     
 
 before response solver: norm(RHS) =   0.620123045200928     
 before response solver: norm(RHS) =    4.84774644077364     
 
 before response solver: norm(RHS) =    1.21999220327589     
 before response solver: norm(RHS) =    1.35287067929330     
 before response solver: norm(RHS) =    2.21025730614992     
 
Beta = -Efff w: 0.000 0.000 0.000
  -0.00214143077  -0.00153057496  -2.51763575541
  -0.00153057493  -0.00176952954  -2.54349388233
  -2.51763575541  -2.54349388229  -0.00300785193
  -0.00153057493  -0.00176952954  -2.54349388233
  -0.00176952947  -0.00133403574  -5.01291096912
  -2.54349388233  -5.01291096909  -0.00005022012
  -2.51763575541  -2.54349388229  -0.00300785193
  -2.54349388233  -5.01291096909  -0.00005022012
  -0.00300785192  -0.00005021998 -10.09611818491

d/dg Alpha = -Egff w: 0.000 0.000 0.000
  -0.97490554895  -0.00534462555  -0.33105047765   0.97229705571   0.00538775684  -0.33031826114   1.82120104269   0.02896847329   0.33096213068  -1.81859254945  -0.02901160459   0.33040660810
   1.70389514644   0.28615664934  -0.62307608649  -1.70468719731  -0.28718050033  -0.62240869608   1.44799639132   0.81858727736   0.62298262347  -1.44720434045  -0.81756342638   0.62250215910
  -1.81814712434   0.01840573608  -1.07781665342  -1.81741820414   0.01812705091   1.07636678110   1.81818517352  -0.01825495336   1.36866388705   1.81738015497  -0.01827783363  -1.36721401473
   1.70389514644   0.28615664934  -0.62307608649  -1.70468719731  -0.28718050033  -0.62240869608   1.44799639132   0.81858727736   0.62298262347  -1.44720434045  -0.81756342638   0.62250215910
  -0.82166960499  10.76197193398  -1.44144368507   0.82091911085 -10.76257642470  -1.44197672222   0.51324216831   2.15010056053   1.44157283781  -0.51249167417  -2.14949606981   1.44184756948
  -0.36634408144  -1.58874595444   0.84058743004  -0.36560455854  -1.58916604491  -0.84089296360   0.36624981080   1.58905659008   2.15143013825   0.36569882919   1.58885540928  -2.15112460469
  -1.81814712434   0.01840573608  -1.07781665342  -1.81741820414   0.01812705091   1.07636678110   1.81818517352  -0.01825495336   1.36866388705   1.81738015497  -0.01827783363  -1.36721401473
  -0.36634408144  -1.58874595444   0.84058743004  -0.36560455854  -1.58916604491  -0.84089296360   0.36624981080   1.58905659008   2.15143013825   0.36569882919   1.58885540928  -2.15112460469
  -0.46175612146   0.44210107787  -3.88371728267   0.46138647651  -0.44223776124  -3.88374537394   0.39069379011   0.03549959446   3.88399792103  -0.39032414516  -0.03536291109   3.88346473558

 before response solver: norm(RHS) =    1.76589052637162     
 
 before response solver: norm(RHS) =    2.78070242479588     
 
 before response solver: norm(RHS) =    9.07555895789991     
 before response solver: norm(RHS) =    58.2363916754420     
 
 before response solver: norm(RHS) =    2.88828482460642     
 
 before response solver: norm(RHS) =    3.77280806002581     
 before response solver: norm(RHS) =    6.88743495845765     
 
 before response solver: norm(RHS) =    4.69289638528873     
 before response solver: norm(RHS) =    6.17600472447980     
 before response solver: norm(RHS) =    10.1828370933051     
 
Gamma = -Effff w: 0.000 0.000 0.000 0.000
   -0.3511694035   -3.8476834543   -0.0009171470
   -3.8476834543  -11.3409585046   -0.0044172826
   -0.0009171470   -0.0044172825    1.3519545154
   -3.8476834543  -11.3409585046   -0.0044172826
  -11.3409585045  -25.6851637543   -0.0001928159
   -0.0044172825   -0.0001928160   -4.3515131694
   -0.0009171470   -0.0044172825    1.3519545154
   -0.0044172825   -0.0001928160   -4.3515131694
    1.3519545154   -4.3515131694   -0.0037823009
   -3.8476834543  -11.3409585046   -0.0044172826
  -11.3409585045  -25.6851637543   -0.0001928159
   -0.0044172825   -0.0001928160   -4.3515131694
  -11.3409585045  -25.6851637543   -0.0001928159
  -25.6851637541 -135.6260787989   -0.0037076664
   -0.0001928158   -0.0037076673    1.4609570871
   -0.0044172825   -0.0001928160   -4.3515131694
   -0.0001928158   -0.0037076673    1.4609570871
   -4.3515131693    1.4609570871   -0.0062312367
   -0.0009171470   -0.0044172825    1.3519545154
   -0.0044172825   -0.0001928160   -4.3515131694
    1.3519545154   -4.3515131694   -0.0037823009
   -0.0044172825   -0.0001928160   -4.3515131694
   -0.0001928158   -0.0037076673    1.4609570871
   -4.3515131693    1.4609570871   -0.0062312367
    1.3519545154   -4.3515131694   -0.0037823009
   -4.3515131693    1.4609570871   -0.0062312367
   -0.0037823009   -0.0062312368    4.9112940136

d/dg Beta = -Egfff w: 0.000 0.000 0.000 0.000
  2.143635816907 -0.284994790636 -0.026473227927  2.139226546760 -0.284756750194  0.026326594646 -2.144421350606  0.285014266042  0.296847018891 -2.138441013061  0.284737274788 -0.296700385609
  1.530730985529  0.516955233224  0.298240372531  1.530419129583  0.516286362630 -0.298028760135 -1.531596115135 -0.517468612695 -0.013150290976 -1.529553999978 -0.515772983159  0.012938678580
  2.706177420192 -0.221227104105  0.749885357469 -2.702645743301  0.221393608529  0.748923027362 -3.600636538651  0.200536600451 -0.750320416746  3.597104861759 -0.200703104874 -0.748487968086
  1.530730985529  0.516955233224  0.298240372531  1.530419129583  0.516286362630 -0.298028760135 -1.531596115135 -0.517468612695 -0.013150290976 -1.529553999978 -0.515772983159  0.012938678580
  1.768932656286  2.508127075255 -0.374845509723  1.770127656110  2.508276565503  0.375122803283 -1.769915136543 -2.509816166780 -0.644174458138 -1.769145175854 -2.506587473978  0.643897164578
  0.614679892113  0.605146364628  1.171701434052 -0.614477480806 -0.604352823763  1.170614938239 -1.817421155863 -1.482403928342 -1.171625916278  1.817218744555  1.481610387477 -1.170690456013
  2.706177420192 -0.221227104105  0.749885357469 -2.702645743301  0.221393608529  0.748923027362 -3.600636538651  0.200536600451 -0.750320416746  3.597104861759 -0.200703104874 -0.748487968086
  0.614679892113  0.605146364628  1.171701434052 -0.614477480806 -0.604352823763  1.170614938239 -1.817421155863 -1.482403928342 -1.171625916278  1.817218744555  1.481610387477 -1.170690456013
  3.007368187615  0.023879224974  2.575720964682  3.008335099370  0.024359245437 -2.573784014538 -3.007585929545 -0.024386918923 -3.597746209100 -3.008117357440 -0.023851551488  3.595809258956
  1.530730985529  0.516955233224  0.298240372531  1.530419129583  0.516286362630 -0.298028760135 -1.531596115135 -0.517468612695 -0.013150290976 -1.529553999978 -0.515772983159  0.012938678580
  1.768932656286  2.508127075255 -0.374845509723  1.770127656110  2.508276565503  0.375122803283 -1.769915136543 -2.509816166780 -0.644174458138 -1.769145175854 -2.506587473978  0.643897164578
  0.614679892113  0.605146364628  1.171701434052 -0.614477480806 -0.604352823763  1.170614938239 -1.817421155863 -1.482403928342 -1.171625916278  1.817218744555  1.481610387477 -1.170690456013
  1.768932656286  2.508127075255 -0.374845509723  1.770127656110  2.508276565503  0.375122803283 -1.769915136543 -2.509816166780 -0.644174458138 -1.769145175854 -2.506587473978  0.643897164578
  1.335404906080  2.137613047310  6.748231517752  1.332665462256  2.141528538916 -6.750302783846 -1.334652390398 -2.140616686988 -3.214725953452 -1.333417977938 -2.138524899238  3.216797219546
 -0.691066365026  0.171976363812  2.883538585769  0.691740023652 -0.173218286487  2.882926734032 -0.350190015876 -5.964357175577 -2.883239536932  0.349516357250  5.965599098252 -2.883225782870
  0.614679892113  0.605146364628  1.171701434052 -0.614477480806 -0.604352823763  1.170614938239 -1.817421155863 -1.482403928342 -1.171625916278  1.817218744555  1.481610387477 -1.170690456013
 -0.691066365026  0.171976363812  2.883538585769  0.691740023652 -0.173218286487  2.882926734032 -0.350190015876 -5.964357175577 -2.883239536932  0.349516357250  5.965599098252 -2.883225782870
  0.050667197414  1.567701067914  2.827862960252  0.049772790200  1.568240382115 -2.828066822195 -0.050209648860 -1.568075854083 -3.800967824427 -0.050230338754 -1.567865595947  3.801171686370
  2.706177420192 -0.221227104105  0.749885357469 -2.702645743301  0.221393608529  0.748923027362 -3.600636538651  0.200536600451 -0.750320416746  3.597104861759 -0.200703104874 -0.748487968086
  0.614679892113  0.605146364628  1.171701434052 -0.614477480806 -0.604352823763  1.170614938239 -1.817421155863 -1.482403928342 -1.171625916278  1.817218744555  1.481610387477 -1.170690456013
  3.007368187615  0.023879224974  2.575720964682  3.008335099370  0.024359245437 -2.573784014538 -3.007585929545 -0.024386918923 -3.597746209100 -3.008117357440 -0.023851551488  3.595809258956
  0.614679892113  0.605146364628  1.171701434052 -0.614477480806 -0.604352823763  1.170614938239 -1.817421155863 -1.482403928342 -1.171625916278  1.817218744555  1.481610387477 -1.170690456013
 -0.691066365026  0.171976363812  2.883538585769  0.691740023652 -0.173218286487  2.882926734032 -0.350190015876 -5.964357175577 -2.883239536932  0.349516357250  5.965599098252 -2.883225782870
  0.050667197414  1.567701067914  2.827862960252  0.049772790200  1.568240382115 -2.828066822195 -0.050209648860 -1.568075854083 -3.800967824427 -0.050230338754 -1.567865595947  3.801171686370
  3.007368187615  0.023879224974  2.575720964682  3.008335099370  0.024359245437 -2.573784014538 -3.007585929545 -0.024386918923 -3.597746209100 -3.008117357440 -0.023851551488  3.595809258956
  0.050667197414  1.567701067914  2.827862960252  0.049772790200  1.568240382115 -2.828066822195 -0.050209648860 -1.568075854083 -3.800967824427 -0.050230338754 -1.567865595947  3.801171686370
 -0.595673676018 -1.748820405169  6.876371094953  0.593866215352  1.748901552603  6.878113481394  0.297110064132 -0.473282509292 -6.876614585684 -0.295302603466  0.473201361859 -6.877869990662

hf_h2o2-p.tar.gz has not been created and has thus not been copied to /home/bast/dalton/develop/external/openrsp/test/Egfff-static
----------------------------------------------------------
WARNING for ERROR  (Dalton program stopped with exit code 0)
- THEREFORE scratch directory /scratch/DALTON_scratch/bast/hf_h2o2-p is not deleted
  by this script so you may restart the calculation, if possible
  ( /scratch/DALTON_scratch/bast/hf_h2o2-p may be deleted by your queueing system )
- REMEMBER to delete /scratch/DALTON_scratch/bast/hf_h2o2-p yourself !!!

Output from 'grep -n ERROR' :
140:.MAX ERROR                                        

   Fri Apr 27 17:56:00 CEST 2012
   ***************************************** 
