
   ***************************************** 
   **** OUTPUT FROM DALTON SHELL SCRIPT **** 
   ***************************************** 

   Dalton Release DALTON2011 (DEVELOPMENT VERSION)

   Invocation: /home/bast/dalton/develop/external/openrsp/../../build/dalton -d -nobackup -noarch lda.dal h2o2.mol

   Mon Apr 30 16:48:23 CEST 2012

   Calculation: lda_h2o2  (input files: lda.dal and h2o2.mol)
   PID        : 13635
   Input dir  : /home/bast/dalton/develop/external/openrsp/test/molecular_hessian
   Scratch dir: /scratch/DALTON_scratch/bast/lda_h2o2




DFT grid generator
------------------
::

 Becke atomic partitioning scheme
 Lebedev angular quadrature (fixed size)
 Rotational invariance of grid points: random rotation
 Gauss-Chebyshev(I) radial quadrature
 Radial grid points mapping:  Becke
 Screening 1.d-10

 Atom   1 has   11640 grid points
 Atom   2 has   11640 grid points
 Atom   3 has   11640 grid points
 Atom   4 has   11640 grid points
 Total          46560 grid points




 nr electrons from xc =    18.0000078545555     
nucpot
  0.780616071475 -8.189007479219  2.448495054880 -0.780616071475  8.189007479219  2.448495054880 -1.041131895699 -1.010634820640 -2.448495054880  1.041131895699  1.010634820640 -2.448495054880

ovlave
  0.093292247583 -0.223230513849  0.204890071625 -0.093292700947  0.223230201308  0.204890356653 -0.081900797492 -0.030409625512 -0.204889409379  0.081901250856  0.030409938054 -0.204891018900

oneave
  -1.78160846101  17.34397998119  -5.22724078094   1.78160846101 -17.34397998119  -5.22724078096   2.04644012330   1.84277669437   5.22724078095  -2.04644012331  -1.84277669437   5.22724078096

twoave
  1.023427489865 -9.121268044277  2.842366581451 -1.023427489869  9.121268044281  2.842366581465 -1.034697321179 -0.863703344328 -2.842366581454  1.034697321183  0.863703344324 -2.842366581462





 nr electrons from xc =    18.0000078545555     




 nr electrons from xc =    18.0000078545555     




 nr electrons from xc =    18.0000078545555     




 nr electrons from xc =    18.0000078545555     




 nr electrons from xc =    18.0000078545555     




 nr electrons from xc =    18.0000078545555     




 nr electrons from xc =    18.0000078545555     




 nr electrons from xc =    18.0000078545555     




 nr electrons from xc =    18.0000078545555     




 nr electrons from xc =    18.0000078545555     




 nr electrons from xc =    18.0000078545555     




 nr electrons from xc =    18.0000078545555     
xcave
 -0.092178300023  0.200687348843 -0.231162875891  0.092111527920 -0.200604885817 -0.231270954013  0.086631573737  0.048379018903  0.231209084392 -0.086629793048 -0.048379153013  0.231209710240

gradient = Eg
  0.023549047891  0.011161292686  0.037348051121 -0.023616273358 -0.011079142202  0.037240258026 -0.024658317331 -0.013592077207 -0.037301180373  0.024660551383  0.013592255638 -0.037302164045

 sum of gradient elements =  (2.302229432538105E-006,0.000000000000000E+000)




 nr electrons from xc =    18.0000078545555     




 nr electrons from xc =    18.0000078545555     




 nr electrons from xc =    18.0000078545555     




 nr electrons from xc =    18.0000078545555     




 nr electrons from xc =    18.0000078545555     




 nr electrons from xc =    18.0000078545555     




 nr electrons from xc =    18.0000078545555     




 nr electrons from xc =    18.0000078545555     




 nr electrons from xc =    18.0000078545555     




 nr electrons from xc =    18.0000078545555     




 nr electrons from xc =    18.0000078545555     




 nr electrons from xc =    18.0000078545555     




 nr electrons from xc =    18.0000078545555     




 nr electrons from xc =    18.0000078545555     




 nr electrons from xc =    18.0000078545555     




 nr electrons from xc =    18.0000078545555     




 nr electrons from xc =    18.0000078545555     




 nr electrons from xc =    18.0000078545555     




 nr electrons from xc =    18.0000078545555     




 nr electrons from xc =    18.0000078545555     




 nr electrons from xc =    18.0000078545555     




 nr electrons from xc =    18.0000078545555     




 nr electrons from xc =    18.0000078545555     




 nr electrons from xc =    18.0000078545555     




 nr electrons from xc =    18.0000078545555     




 nr electrons from xc =    18.0000078545555     




 nr electrons from xc =    18.0000078545555     




 nr electrons from xc =    18.0000078545555     




 nr electrons from xc =    18.0000078545555     




 nr electrons from xc =    18.0000078545555     




 nr electrons from xc =    18.0000078545555     




 nr electrons from xc =    18.0000078545555     




 nr electrons from xc =    18.0000078545555     




 nr electrons from xc =    18.0000078545555     




 nr electrons from xc =    18.0000078545555     




 nr electrons from xc =    18.0000078545555     




 nr electrons from xc =    18.0000078545555     




 nr electrons from xc =    18.0000078545555     




 nr electrons from xc =    18.0000078545555     




 nr electrons from xc =    18.0000078545555     




 nr electrons from xc =    18.0000078545555     




 nr electrons from xc =    18.0000078545555     




 nr electrons from xc =    18.0000078545555     




 nr electrons from xc =    18.0000078545555     




 nr electrons from xc =    18.0000078545555     




 nr electrons from xc =    18.0000078545555     




 nr electrons from xc =    18.0000078545555     




 nr electrons from xc =    18.0000078545555     




 nr electrons from xc =    18.0000078545555     




 nr electrons from xc =    18.0000078545555     




 nr electrons from xc =    18.0000078545555     




 nr electrons from xc =    18.0000078545555     




 nr electrons from xc =    18.0000078545555     




 nr electrons from xc =    18.0000078545555     




 nr electrons from xc =    18.0000078545555     




 nr electrons from xc =    18.0000078545555     




 nr electrons from xc =    18.0000078545555     




 nr electrons from xc =    18.0000078545555     




 nr electrons from xc =    18.0000078545555     




 nr electrons from xc =    18.0000078545555     




 nr electrons from xc =    18.0000078545555     




 nr electrons from xc =    18.0000078545555     




 nr electrons from xc =    18.0000078545555     




 nr electrons from xc =    18.0000078545555     




 nr electrons from xc =    18.0000078545555     




 nr electrons from xc =    18.0000078545555     




 nr electrons from xc =    18.0000078545555     




 nr electrons from xc =    18.0000078545555     




 nr electrons from xc =    18.0000078545555     




 nr electrons from xc =    18.0000078545555     




 nr electrons from xc =    18.0000078545555     




 nr electrons from xc =    18.0000078545555     




 nr electrons from xc =    18.0000078545555     




 nr electrons from xc =    18.0000078545555     




 nr electrons from xc =    18.0000078545555     




 nr electrons from xc =    18.0000078545555     




 nr electrons from xc =    18.0000078545555     




 nr electrons from xc =    18.0000078545555     




 nr electrons from xc =    18.0000078545555     




 nr electrons from xc =    18.0000078545555     




 nr electrons from xc =    18.0000078545555     




 nr electrons from xc =    18.0000078545555     




 nr electrons from xc =    18.0000078545555     




 nr electrons from xc =    18.0000078545555     




 nr electrons from xc =    18.0000078545555     




 nr electrons from xc =    18.0000078545555     




 nr electrons from xc =    18.0000078545555     




 nr electrons from xc =    18.0000078545555     




 nr electrons from xc =    18.0000078545555     




 nr electrons from xc =    18.0000078545555     




 nr electrons from xc =    18.0000078545555     




 nr electrons from xc =    18.0000078545555     




 nr electrons from xc =    18.0000078545555     




 nr electrons from xc =    18.0000078545555     




 nr electrons from xc =    18.0000078545555     




 nr electrons from xc =    18.0000078545555     




 nr electrons from xc =    18.0000078545555     




 nr electrons from xc =    18.0000078545555     




 nr electrons from xc =    18.0000078545555     




 nr electrons from xc =    18.0000078545555     




 nr electrons from xc =    18.0000078545555     




 nr electrons from xc =    18.0000078545555     




 nr electrons from xc =    18.0000078545555     




 nr electrons from xc =    18.0000078545555     




 nr electrons from xc =    18.0000078545555     




 nr electrons from xc =    18.0000078545555     




 nr electrons from xc =    18.0000078545555     




 nr electrons from xc =    18.0000078545555     




 nr electrons from xc =    18.0000078545555     




 nr electrons from xc =    18.0000078545555     




 nr electrons from xc =    18.0000078545555     




 nr electrons from xc =    18.0000078545555     




 nr electrons from xc =    18.0000078545555     




 nr electrons from xc =    18.0000078545555     




 nr electrons from xc =    18.0000078545555     




 nr electrons from xc =    18.0000078545555     




 nr electrons from xc =    18.0000078545555     




 nr electrons from xc =    18.0000078545555     




 nr electrons from xc =    18.0000078545555     




 nr electrons from xc =    18.0000078545555     




 nr electrons from xc =    18.0000078545555     




 nr electrons from xc =    18.0000078545555     




 nr electrons from xc =    18.0000078545555     




 nr electrons from xc =    18.0000078545555     




 nr electrons from xc =    18.0000078545555     




 nr electrons from xc =    18.0000078545555     




 nr electrons from xc =    18.0000078545555     




 nr electrons from xc =    18.0000078545555     




 nr electrons from xc =    18.0000078545555     




 nr electrons from xc =    18.0000078545555     




 nr electrons from xc =    18.0000078545555     




 nr electrons from xc =    18.0000078545555     




 nr electrons from xc =    18.0000078545555     




 nr electrons from xc =    18.0000078545555     




 nr electrons from xc =    18.0000078545555     




 nr electrons from xc =    18.0000078545555     




 nr electrons from xc =    18.0000078545555     




 nr electrons from xc =    18.0000078545555     




 nr electrons from xc =    18.0000078545555     




 nr electrons from xc =    18.0000078545555     




 nr electrons from xc =    18.0000078545555     




 nr electrons from xc =    18.0000078545555     




 nr electrons from xc =    18.0000078545555     




 nr electrons from xc =    18.0000078545555     




 nr electrons from xc =    18.0000078545555     




 nr electrons from xc =    18.0000078545555     




 nr electrons from xc =    18.0000078545555     




 nr electrons from xc =    18.0000078545555     




 nr electrons from xc =    18.0000078545555     




 nr electrons from xc =    18.0000078545555     




 nr electrons from xc =    18.0000078545555     




 nr electrons from xc =    18.0000078545555     




 nr electrons from xc =    18.0000078545555     




 nr electrons from xc =    18.0000078545555     




 nr electrons from xc =    18.0000078545555     




 nr electrons from xc =    18.0000078545555     




 nr electrons from xc =    18.0000078545555     




 nr electrons from xc =    18.0000078545555     




 nr electrons from xc =    18.0000078545555     




 nr electrons from xc =    18.0000078545555     




 nr electrons from xc =    18.0000078545555     




 nr electrons from xc =    18.0000078545555     




 nr electrons from xc =    18.0000078545555     




 nr electrons from xc =    18.0000078545555     




 nr electrons from xc =    18.0000078545555     




 nr electrons from xc =    18.0000078545555     




 nr electrons from xc =    18.0000078545555     




 nr electrons from xc =    18.0000078545555     




 nr electrons from xc =    18.0000078545555     




 nr electrons from xc =    18.0000078545555     




 nr electrons from xc =    18.0000078545555     




 nr electrons from xc =    18.0000078545555     




 nr electrons from xc =    18.0000078545555     




 nr electrons from xc =    18.0000078545555     




 nr electrons from xc =    18.0000078545555     




 nr electrons from xc =    18.0000078545555     




 nr electrons from xc =    18.0000078545555     




 nr electrons from xc =    18.0000078545555     




 nr electrons from xc =    18.0000078545555     




 nr electrons from xc =    18.0000078545555     




 nr electrons from xc =    18.0000078545555     




 nr electrons from xc =    18.0000078545555     




 nr electrons from xc =    18.0000078545555     




 nr electrons from xc =    18.0000078545555     




 nr electrons from xc =    18.0000078545555     




 nr electrons from xc =    18.0000078545555     




 nr electrons from xc =    18.0000078545555     




 nr electrons from xc =    18.0000078545555     




 nr electrons from xc =    18.0000078545555     




 nr electrons from xc =    18.0000078545555     




 nr electrons from xc =    18.0000078545555     




 nr electrons from xc =    18.0000078545555     
hnuc_ab
 -3.763088008319  0.339046192575  1.291725528840  2.866979996566  0.000000000000  0.000000000000  0.745509407148 -0.255075449988 -1.336408398962  0.150598604606 -0.083970742587  0.044682870123
  0.339046192575  4.764227695639  0.413058537523  0.000000000000 -5.733959993132  0.000000000000 -0.255075449988  1.181571344159 -0.615769688223 -0.083970742587 -0.211839046667  0.202711150700
  1.291725528840  0.413058537523 -1.001139687320  0.000000000000  0.000000000000  2.866979996566 -1.336408398962 -0.615769688223 -1.927080751307  0.044682870123  0.202711150700  0.061240442061
  2.866979996566  0.000000000000  0.000000000000 -3.763088008319  0.339046192575 -1.291725528840  0.150598604606 -0.083970742587 -0.044682870123  0.745509407148 -0.255075449988  1.336408398962
  0.000000000000 -5.733959993132  0.000000000000  0.339046192575  4.764227695639 -0.413058537523 -0.083970742587 -0.211839046667 -0.202711150700 -0.255075449988  1.181571344159  0.615769688223
  0.000000000000  0.000000000000  2.866979996566 -1.291725528840 -0.413058537523 -1.001139687320 -0.044682870123 -0.202711150700  0.061240442061  1.336408398962  0.615769688223 -1.927080751307
  0.745509407148 -0.255075449988 -1.336408398962  0.150598604606 -0.083970742587 -0.044682870123 -0.907501968242  0.359173273190  1.381091269085  0.011393956489 -0.020127080615  0.000000000000
 -0.255075449988  1.181571344159 -0.615769688223 -0.083970742587 -0.211839046667 -0.202711150700  0.359173273190 -0.938889409130  0.818480838923 -0.020127080615 -0.030842888362  0.000000000000
 -1.336408398962 -0.615769688223 -1.927080751307 -0.044682870123 -0.202711150700  0.061240442061  1.381091269085  0.818480838923  1.846391377372  0.000000000000  0.000000000000  0.019448931874
  0.150598604606 -0.083970742587  0.044682870123  0.745509407148 -0.255075449988  1.336408398962  0.011393956489 -0.020127080615  0.000000000000 -0.907501968242  0.359173273190 -1.381091269085
 -0.083970742587 -0.211839046667  0.202711150700 -0.255075449988  1.181571344159  0.615769688223 -0.020127080615 -0.030842888362  0.000000000000  0.359173273190 -0.938889409130 -0.818480838923
  0.044682870123  0.202711150700  0.061240442061  1.336408398962  0.615769688223 -1.927080751307  0.000000000000  0.000000000000  0.019448931874 -1.381091269085 -0.818480838923  1.846391377372

-SabDFD
 -0.349368906172  0.009297409752  0.071026928694  0.182617109460 -0.000809234816  0.000000001062  0.169986631077 -0.013177406153 -0.067935066947 -0.003234834364  0.004689231217 -0.003091862810
  0.009297409752 -0.097328595547  0.040221989164 -0.000809234816 -0.100805197631  0.000000561936 -0.013177406153  0.192042834091 -0.031734331494  0.004689231217  0.006090959087 -0.008488219606
  0.071026928694  0.040221989164 -0.211249994210  0.000000001062  0.000000561936  0.175467486752 -0.067935066947 -0.031734331494  0.034599645841 -0.003091862810 -0.008488219606  0.001182861618
  0.182617109460 -0.000809234816  0.000000001062 -0.349368456942  0.009297402409 -0.071027528083 -0.003234908887  0.004689300068  0.003091912475  0.169986256369 -0.013177467661  0.067935614546
 -0.000809234816 -0.100805197631  0.000000561936  0.009297402409 -0.097328433503 -0.040223490089  0.004689300068  0.006091037025  0.008488371480 -0.013177467661  0.192042594109  0.031734556672
  0.000000001062  0.000000561936  0.175467486752 -0.071027528083 -0.040223490089 -0.211248069488  0.003091912475  0.008488371480  0.001182877477  0.067935614546  0.031734556672  0.034597705259
  0.169986631077 -0.013177406153 -0.067935066947 -0.003234908887  0.004689300068  0.003091912475 -0.166572776064  0.007995556970  0.064843154472 -0.000178946126  0.000492549115  0.000000000000
 -0.013177406153  0.192042834091 -0.031734331494  0.004689300068  0.006091037025  0.008488371480  0.007995556970 -0.198988543375  0.023245960014  0.000492549115  0.000854672260  0.000000000000
 -0.067935066947 -0.031734331494  0.034599645841  0.003091912475  0.008488371480  0.001182877477  0.064843154472  0.023245960014 -0.035406456156  0.000000000000  0.000000000000 -0.000376067163
 -0.003234834364  0.004689231217 -0.003091862810  0.169986256369 -0.013177467661  0.067935614546 -0.000178946126  0.000492549115  0.000000000000 -0.166572475879  0.007995687329 -0.064843751737
  0.004689231217  0.006090959087 -0.008488219606 -0.013177467661  0.192042594109  0.031734556672  0.000492549115  0.000854672260  0.000000000000  0.007995687329 -0.198988225455 -0.023246337066
 -0.003091862810 -0.008488219606  0.001182861618  0.067935614546  0.031734556672  0.034597705259  0.000000000000  0.000000000000 -0.000376067163 -0.064843751737 -0.023246337066 -0.035404499714

-SaDFDb
  0.172309928742 -0.005581324716  0.045809825457 -0.083180192946  0.011924355910 -0.000786093482 -0.094028947915 -0.008428126898 -0.044992191789  0.004899212120  0.002085095704 -0.000031540186
 -0.009058498305  0.254579932224  0.023588459609  0.018776062970 -0.192184327115 -0.011223994958 -0.006343811298 -0.084723398687 -0.017346745689 -0.003373753367  0.022327793577  0.004982281038
  0.043289970951 -0.000278399669  0.250224063949 -0.001977669875  0.019210222483 -0.071634286285 -0.042961110464 -0.017693292624 -0.179635101110  0.001648809388 -0.001238530190  0.001045323446
 -0.083184743473  0.011934371335  0.000786492413  0.172322805476 -0.005587747901 -0.045816285950  0.004899829063  0.002085064888  0.000031230795 -0.094037891066 -0.008431688323  0.044998562741
  0.018773840591 -0.192180093924  0.011222991780 -0.009049503602  0.254581704117 -0.023592626247 -0.003374321308  0.022325341393 -0.004984090027 -0.006350015681 -0.084726951586  0.017353724494
  0.001976033539 -0.019187457086 -0.071625003178 -0.043286623799  0.000261962125  0.250208933750 -0.001647833204  0.001239126729  0.001047375865  0.042958423464  0.017686368231 -0.179631306437
 -0.088366839950  0.000868915314 -0.047079337748 -0.000765147557 -0.007212219298 -0.000478540129  0.090551739682  0.005582517321  0.046261089968 -0.001419752175  0.000760786664  0.001296787910
 -0.009124605282 -0.076413418203 -0.027957040273 -0.000593302937  0.014018166882  0.006857909499  0.005837885375  0.058318528506  0.021714318930  0.003880022843  0.004076722815 -0.000615188156
 -0.044818056698  0.003460863611 -0.180457799072  0.000448253110 -0.016019671862  0.001870481908  0.044489362695  0.014505729895  0.180069623683 -0.000119559107 -0.001946921643 -0.001482306519
 -0.000765484970 -0.007211469750  0.000477605153 -0.088368054186  0.000867270263  0.047080119764 -0.001419643219  0.000760930511 -0.001296592113  0.090553182374  0.005583268977 -0.046261132805
 -0.000593391452  0.014018040826 -0.006858030644 -0.009125240800 -0.076414087080  0.027956627221  0.003879939132  0.004076651860  0.000615552568  0.005838693120  0.058319394395 -0.021714149145
 -0.000448420567  0.016019193593  0.001870359311  0.044819202824 -0.003460279784 -0.180460090294  0.000119528395  0.001946788648 -0.001482314939 -0.044490310652 -0.014505702458  0.180072045922

HabD
  10.92249207450  -0.55212066826  -1.93569869654  -7.25979466977  -0.00783998558   0.00834799326  -3.51818160957   0.46243473697   2.01956755197  -0.14451579515   0.09752591687  -0.09221684869
  -0.55212066826  -5.37599282195  -0.94743412179  -0.00783998558   9.35088332082  -0.02517111728   0.48453916940  -4.15143251482   1.19128585477   0.07542148444   0.17654201594  -0.21868061570
  -1.93569869654  -0.94743412179   6.96535656106  -0.00834799326   0.02517111728  -7.76624931529   2.02595355806   1.16121229246   0.78280193886  -0.08190686826  -0.23894928795   0.01809081537
  -7.25979466977  -0.00783998558  -0.00834799326  10.92249207450  -0.55212066826   1.93569869655  -0.14451579515   0.09752591687   0.09221684869  -3.51818160958   0.46243473697  -2.01956755198
  -0.00783998558   9.35088332082   0.02517111728  -0.55212066826  -5.37599282194   0.94743412179   0.07542148444   0.17654201594   0.21868061570   0.48453916940  -4.15143251482  -1.19128585477
   0.00834799326  -0.02517111728  -7.76624931529   1.93569869655   0.94743412179   6.96535656105   0.08190686826   0.23894928795   0.01809081537  -2.02595355806  -1.16121229246   0.78280193887
  -3.51818160957   0.48453916940   2.02595355806  -0.14451579515   0.07542148444   0.08190686826   3.66253970748  -0.54778374798  -2.10982241349   0.00015769725  -0.01217690586   0.00196198718
   0.46243473697  -4.15143251482   1.16121229246   0.09752591687   0.17654201594   0.23894928795  -0.54778374798   4.00837501069  -1.40506402544  -0.01217690586  -0.03348451182   0.00490244503
   2.01956755197   1.19128585477   0.78280193886   0.09221684869   0.21868061570   0.01809081537  -2.10982241349  -1.40506402544  -0.81373218456  -0.00196198718  -0.00490244503   0.01283943033
  -0.14451579515   0.07542148444  -0.08190686826  -3.51818160958   0.48453916940  -2.02595355806   0.00015769725  -0.01217690586  -0.00196198718   3.66253970748  -0.54778374798   2.10982241349
   0.09752591687   0.17654201594  -0.23894928795   0.46243473697  -4.15143251482  -1.16121229246  -0.01217690586  -0.03348451182  -0.00490244503  -0.54778374798   4.00837501070   1.40506402544
  -0.09221684869  -0.21868061570   0.01809081537  -2.01956755198  -1.19128585477   0.78280193887   0.00196198718   0.00490244503   0.01283943033   2.10982241349   1.40506402544  -0.81373218456

HaDb
 -2.233734988483  0.287569222014  0.064143423798  0.861037882363 -0.255053460272  0.103281312023  1.507153351470  0.197713117607 -0.087130067614 -0.134456245350 -0.230228879350 -0.080294668206
  0.132653322842  1.078184703741 -0.285836350387 -0.224846908169 -1.762707888984  0.936229526606  0.006291898531  1.209438523740 -0.267081158371  0.085901686796 -0.524915338497 -0.383312017848
  0.117526958907  0.348480176409 -1.892396863789  0.099335486537 -1.172125947452  0.687673606089 -0.121555851784  0.439369953561  1.269643242798 -0.095306593659  0.384275817482 -0.064919985098
  0.861274563949 -0.255248352738 -0.103177226504 -2.234267889077  0.287640842956 -0.064207719184 -0.134451171641 -0.230188507620  0.080291927587  1.507444496769  0.197796017401  0.087093018100
 -0.224703934757 -1.762800642701 -0.936151237644  0.132479428469  1.078212752535  0.285965642261  0.085908902087 -0.524870477758  0.383331160444  0.006315604201  1.209458367924  0.266854434939
 -0.099328154319  1.171753992432  0.687338441649 -0.117751516367 -0.348104785315 -1.892296287112  0.095279903838 -0.384328208470 -0.064976178017  0.121799766849 -0.439320998647  1.269934023480
  1.385795896065 -0.200953946946 -0.003363520710 -0.013014546145  0.168456818999 -0.042533716769 -1.369212197585  0.013775549214  0.026344847417 -0.003569152336  0.018721578733  0.019552390062
  0.216836828586  1.264613266189  0.693750282337 -0.124646717696 -0.580140942877 -0.528391758111 -0.007450050929 -0.749388197737 -0.140801515023 -0.084740059961  0.064915874425 -0.024557009202
 -0.045581661644 -0.828558091180  1.324303959852 -0.027437267440  0.691924622551 -0.119538014989  0.049632496195  0.040788877836 -1.248668971732  0.023386432889  0.095844590794  0.043903026869
 -0.013010603833  0.168447178030  0.042548349161  1.385812281879 -0.200934348269  0.003370827014 -0.003570586807  0.018719842285 -0.019552406598 -1.369231091238  0.013767327954 -0.026366769577
 -0.124652146703 -0.580131926311  0.528405724920  0.216860689501  1.264611448863 -0.693744430048 -0.084738558715  0.064915787772  0.024550520371 -0.007469984083 -0.749395310324  0.140788184758
  0.027438762423 -0.691925821949 -0.119542194159  0.045557657723  0.828559185140  1.324358470728 -0.023386222250 -0.095844030108  0.043903182676 -0.049610197896 -0.040789333083 -1.248719459245

Gab(D)D/2
 -7.138912518437  0.241761721073  0.821185756664  4.381759228240  0.011817308657 -0.001618683016  2.755490186428 -0.243977700760 -0.857499912920  0.001663103769 -0.009601328970  0.037932839272
  0.241761721073  0.535882038496  0.593343692177  0.011817308657 -3.532090692067 -0.010819863631 -0.251771879627  2.959000697913 -0.626592972697 -0.001807150103  0.037207955658  0.044069144151
  0.821185756664  0.593343692177 -5.565325268058  0.001618683017  0.010819863624  4.870081394246 -0.859298582579 -0.632260609969  0.775336866482  0.036494142898  0.028097054167 -0.080092992670
  4.381759228240  0.011817308657  0.001618683017 -7.138912518439  0.241761721073 -0.821185756669  0.001663103769 -0.009601328971 -0.037932839272  2.755490186429 -0.243977700760  0.857499912925
  0.011817308657 -3.532090692067  0.010819863624  0.241761721073  0.535882038492 -0.593343692169 -0.001807150103  0.037207955658 -0.044069144150 -0.251771879627  2.959000697917  0.626592972695
 -0.001618683016 -0.010819863631  4.870081394246 -0.821185756669 -0.593343692169 -5.565325268052 -0.036494142898 -0.028097054168 -0.080092992670  0.859298582583  0.632260609968  0.775336866475
  2.755490186428 -0.251771879627 -0.859298582579  0.001663103769 -0.001807150103 -0.036494142898 -2.747290996444  0.223612297342  0.895612738834 -0.009862293752  0.029966732389  0.000179986642
 -0.243977700760  2.959000697913 -0.632260609969 -0.009601328971  0.037207955658 -0.028097054168  0.223612297342 -3.054862894997  0.665509890492  0.029966732389  0.058654241426 -0.005152226355
 -0.857499912920 -0.626592972697  0.775336866482 -0.037932839272 -0.044069144150 -0.080092992670  0.895612738834  0.665509890492 -0.677240543236 -0.000179986642  0.005152226355 -0.018003330576
  0.001663103769 -0.001807150103  0.036494142898  2.755490186429 -0.251771879627  0.859298582583 -0.009862293752  0.029966732389 -0.000179986642 -2.747290996446  0.223612297341 -0.895612738839
 -0.009601328970  0.037207955658  0.028097054167 -0.243977700760  2.959000697917  0.632260609968  0.029966732389  0.058654241426  0.005152226355  0.223612297341 -3.054862895001 -0.665509890490
  0.037932839272  0.044069144151 -0.080092992670  0.857499912925  0.626592972695  0.775336866475  0.000179986642 -0.005152226355 -0.018003330576 -0.895612738839 -0.665509890490 -0.677240543230

Ga(D)Db
  2.260107139949 -0.274721956779 -0.068970939293 -0.862277773741  0.247956899611 -0.113160674158 -1.527039462259 -0.194642691934  0.086997716966  0.129210096050  0.221407749102  0.095133896484
 -0.107211543952 -1.025225930079  0.304559598569  0.208578538627  1.703529787539 -0.883678616437 -0.025262593304 -1.167381922625  0.223390168397 -0.076104401370  0.489078065165  0.355728849470
 -0.123731027684 -0.333953885555  1.906326082151 -0.097932166683  1.127921893441 -0.676925635748  0.118811129397 -0.432200267714 -1.292545549294  0.102852064970 -0.361767740172  0.063145102892
 -0.862514335069  0.248148372408  0.113056559111  2.260643693303 -0.274791118717  0.069041447764  0.129204395234  0.221367669648 -0.095131244056 -1.527333753467 -0.194724923339 -0.086966762819
  0.208434535859  1.703618575136  0.883600947445 -0.107040785446 -1.025251939804 -0.304678657881 -0.076111541813  0.489034562859 -0.355747690837 -0.025282208600 -1.167401198191 -0.223174598727
  0.097924823899 -1.127556444025 -0.676596246683  0.123965920685  0.333583490060  1.906217515902 -0.102825513944  0.361819276519  0.063201273579 -0.119065230639  0.432153677446 -1.292822542798
 -1.404582488438  0.185816748257 -0.002014164619  0.006668840909 -0.159070937374  0.042200134714  1.394553003942 -0.006466815813 -0.016006580712  0.003360643587 -0.020278995070 -0.024179389383
 -0.211932326989 -1.238948719049 -0.683359936816  0.110570965176  0.560695555009  0.504945505435  0.015379270286  0.743361101848  0.155379975457  0.085982091528 -0.065107937808  0.023034455924
  0.043982388502  0.792414486806 -1.348179505285  0.018229157374 -0.669343137696  0.118742941617 -0.039084963973 -0.026337526524  1.286077089453 -0.023126581902 -0.096733822586 -0.056640525785
  0.006664750414 -0.159061453290 -0.042214579012 -1.404599543006  0.185797177354  0.002007841306  0.003362095874 -0.020277281289  0.024179372129  1.394572696718 -0.006458442775  0.016027365576
  0.110576394560  0.560686460034 -0.504959141805 -0.211956539845 -1.238946817549  0.683354154782  0.085980603887 -0.065107847492 -0.023028038239  0.015399541398  0.743368205007 -0.155366974738
 -0.018230626528  0.669344528974  0.118747026565 -0.043958597756 -0.792416064942 -1.348233118782  0.023126414084  0.096733357590 -0.056640666271  0.039062810200  0.026338178378  1.286126758488





 nr electrons from xc =    18.0000078545555     




 nr electrons from xc =    18.0000078545555     




 nr electrons from xc =    18.0000078545555     




 nr electrons from xc =    18.0000078545555     




 nr electrons from xc =    18.0000078545555     




 nr electrons from xc =    18.0000078545555     




 nr electrons from xc =    18.0000078545555     




 nr electrons from xc =    18.0000078545555     




 nr electrons from xc =    18.0000078545555     




 nr electrons from xc =    18.0000078545555     




 nr electrons from xc =    18.0000078545555     




 nr electrons from xc =    18.0000078545555     




 nr electrons from xc =    18.0000078545555     




 nr electrons from xc =    18.0000078545555     




 nr electrons from xc =    18.0000078545555     




 nr electrons from xc =    18.0000078545555     




 nr electrons from xc =    18.0000078545555     




 nr electrons from xc =    18.0000078545555     




 nr electrons from xc =    18.0000078545555     




 nr electrons from xc =    18.0000078545555     




 nr electrons from xc =    18.0000078545555     




 nr electrons from xc =    18.0000078545555     




 nr electrons from xc =    18.0000078545555     




 nr electrons from xc =    18.0000078545555     




 nr electrons from xc =    18.0000078545555     




 nr electrons from xc =    18.0000078545555     




 nr electrons from xc =    18.0000078545555     




 nr electrons from xc =    18.0000078545555     




 nr electrons from xc =    18.0000078545555     




 nr electrons from xc =    18.0000078545555     




 nr electrons from xc =    18.0000078545555     




 nr electrons from xc =    18.0000078545555     




 nr electrons from xc =    18.0000078545555     




 nr electrons from xc =    18.0000078545555     




 nr electrons from xc =    18.0000078545555     




 nr electrons from xc =    18.0000078545555     




 nr electrons from xc =    18.0000078545555     




 nr electrons from xc =    18.0000078545555     




 nr electrons from xc =    18.0000078545555     




 nr electrons from xc =    18.0000078545555     




 nr electrons from xc =    18.0000078545555     




 nr electrons from xc =    18.0000078545555     




 nr electrons from xc =    18.0000078545555     




 nr electrons from xc =    18.0000078545555     




 nr electrons from xc =    18.0000078545555     




 nr electrons from xc =    18.0000078545555     




 nr electrons from xc =    18.0000078545555     




 nr electrons from xc =    18.0000078545555     




 nr electrons from xc =    18.0000078545555     




 nr electrons from xc =    18.0000078545555     




 nr electrons from xc =    18.0000078545555     




 nr electrons from xc =    18.0000078545555     




 nr electrons from xc =    18.0000078545555     




 nr electrons from xc =    18.0000078545555     




 nr electrons from xc =    18.0000078545555     




 nr electrons from xc =    18.0000078545555     




 nr electrons from xc =    18.0000078545555     




 nr electrons from xc =    18.0000078545555     




 nr electrons from xc =    18.0000078545555     




 nr electrons from xc =    18.0000078545555     




 nr electrons from xc =    18.0000078545555     




 nr electrons from xc =    18.0000078545555     




 nr electrons from xc =    18.0000078545555     




 nr electrons from xc =    18.0000078545555     




 nr electrons from xc =    18.0000078545555     




 nr electrons from xc =    18.0000078545555     




 nr electrons from xc =    18.0000078545555     




 nr electrons from xc =    18.0000078545555     




 nr electrons from xc =    18.0000078545555     




 nr electrons from xc =    18.0000078545555     




 nr electrons from xc =    18.0000078545555     




 nr electrons from xc =    18.0000078545555     




 nr electrons from xc =    18.0000078545555     




 nr electrons from xc =    18.0000078545555     




 nr electrons from xc =    18.0000078545555     




 nr electrons from xc =    18.0000078545555     




 nr electrons from xc =    18.0000078545555     




 nr electrons from xc =    18.0000078545555     
xc_hes
  0.199100121856 -0.009933998808 -0.089166902006 -0.098248384893 -0.011867722496  0.006200253498 -0.097566604614  0.037176284939  0.089977435768 -0.002702581231 -0.015469379723 -0.007418303750
  0.000000000000  0.175770401955 -0.084197029471 -0.009555737488  0.010824410245  0.050281476229  0.028062557802 -0.151208594441  0.049180895090  0.000440300151 -0.036602202803 -0.015533380210
  0.000000000000  0.000000000000  0.042815528810  0.005041844212 -0.066615343094 -0.141647964716  0.087093666196  0.091790899634  0.095763862133 -0.007263339125  0.030707271770  0.003534111427
  0.000000000000  0.000000000000  0.000000000000  0.199119687080 -0.010262375697  0.088691800833 -0.002702417551 -0.015466733836  0.007418238092 -0.097549296916  0.037179667503 -0.089979387820
  0.000000000000  0.000000000000  0.000000000000  0.000000000000  0.176675274968  0.084911085665  0.000440837786 -0.036599364132  0.015534550883  0.028062595055 -0.151207789779 -0.049196723849
  0.000000000000  0.000000000000  0.000000000000  0.000000000000  0.000000000000  0.042100667953  0.007261656225 -0.030711390078  0.003530451562 -0.087072759867 -0.091783873737  0.095779731870
  0.000000000000  0.000000000000  0.000000000000  0.000000000000  0.000000000000  0.000000000000  0.100113108754 -0.020164888352 -0.095067344606  0.000153012501 -0.001541407430  0.002335466212
  0.000000000000  0.000000000000  0.000000000000  0.000000000000  0.000000000000  0.000000000000  0.000000000000  0.186981946230 -0.064079612494 -0.007460249122  0.000829156605  0.000636544079
  0.000000000000  0.000000000000  0.000000000000  0.000000000000  0.000000000000  0.000000000000  0.000000000000  0.000000000000 -0.104505665600  0.000854561571  0.004337345250  0.005209667608
  0.000000000000  0.000000000000  0.000000000000  0.000000000000  0.000000000000  0.000000000000  0.000000000000  0.000000000000  0.000000000000  0.100116267800 -0.020176678896  0.095061615109
  0.000000000000  0.000000000000  0.000000000000  0.000000000000  0.000000000000  0.000000000000  0.000000000000  0.000000000000  0.000000000000  0.000000000000  0.186982095242  0.064073972404
  0.000000000000  0.000000000000  0.000000000000  0.000000000000  0.000000000000  0.000000000000  0.000000000000  0.000000000000  0.000000000000  0.000000000000  0.000000000000 -0.104517385364

 hessian column sum           1  8.021853864836892E-005
 hessian column sum           2 -1.588241815589808E-003
 hessian column sum           3 -1.831698366950990E-004
 hessian column sum           4  1.244611692254732E-004
 hessian column sum           5  2.288258504966056E-004
 hessian column sum           6  6.596462335019121E-004
 hessian column sum           7 -7.054967886519457E-006
 hessian column sum           8  4.176756635956846E-006
 hessian column sum           9 -2.732466317873980E-005
 hessian column sum          10  4.005009585431041E-006
 hessian column sum          11 -1.573942506832848E-005
 hessian column sum          12 -1.663646056748735E-007
hessian = Egg
  0.068904843631  0.035316596853  0.200054925614 -0.011106804718 -0.003871838985  0.002264109186 -0.058677048241 -0.017977236220 -0.197422933524  0.001461560446 -0.013562337737 -0.005303617766
  0.035316596853  0.310097424484  0.057304775391 -0.003879955798 -0.256510580324  0.055617972470 -0.032737514640 -0.012693030665 -0.094667978216  0.001196655177 -0.042109798539 -0.018522808006
  0.200054925614  0.057304775391  0.494610422591 -0.002261814991 -0.055617631777 -0.056254718385 -0.196300657087 -0.037285044373 -0.441115845595 -0.001890776472  0.035347516205  0.003225679043
 -0.011106804718 -0.003879955798 -0.002261814991  0.068941387580  0.034984248440 -0.200530873583  0.001461639438 -0.013559361538  0.005303204191 -0.058672204308 -0.017976808201  0.197421804657
 -0.003871838985 -0.256510580324 -0.055617631777  0.034984248440  0.311006270502 -0.056586154198  0.001196768571 -0.042107975681  0.018522622793 -0.032739652904 -0.012695450266  0.094648199680
  0.002264109186  0.055617972470 -0.056254718385 -0.200530873583 -0.056586154198  0.493874366685  0.001889980625 -0.035351740741  0.003224065225  0.196309237837  0.037287735701 -0.441084334589
 -0.058677048241 -0.032737514640 -0.196300657087  0.001461639438  0.001196768571  0.001889980625  0.057179621523  0.035723741890  0.193256760968  0.000035165435 -0.004182742070  0.001147228620
 -0.017977236220 -0.012693030665 -0.037285044373 -0.013559361538 -0.042107975681 -0.035351740741  0.035723741890  0.054907542039  0.074385830863 -0.004182899680 -0.000104670460 -0.001750978678
 -0.197422933524 -0.094667978216 -0.441115845595  0.005303204191  0.018522622793  0.003224065225  0.193256760968  0.074385830863  0.432984269227 -0.001147120369  0.001750973137  0.004898826636
  0.001461560446  0.001196655177 -0.001890776472 -0.058672204308 -0.032739652904  0.196309237837  0.000035165435 -0.004182899680 -0.001147120369  0.057185322569  0.035712985140 -0.193264267861
 -0.013562337737 -0.042109798539  0.035347516205 -0.017976808201 -0.012695450266  0.037287735701 -0.004182742070 -0.000104670460  0.001750973137  0.035712985140  0.054908865431 -0.074392007766
 -0.005303617766 -0.018522808006  0.003225679043  0.197421804657  0.094648199680 -0.441084334589  0.001147228620 -0.001750978678  0.004898826636 -0.193264267861 -0.074392007766  0.432976109665

lda_h2o2.tar.gz has not been created and has thus not been copied to /home/bast/dalton/develop/external/openrsp/test/molecular_hessian
----------------------------------------------------------
WARNING for ERROR  (Dalton program stopped with exit code 0)
- THEREFORE scratch directory /scratch/DALTON_scratch/bast/lda_h2o2 is not deleted
  by this script so you may restart the calculation, if possible
  ( /scratch/DALTON_scratch/bast/lda_h2o2 may be deleted by your queueing system )
- REMEMBER to delete /scratch/DALTON_scratch/bast/lda_h2o2 yourself !!!

Output from 'grep -n ERROR' :
142:.MAX ERROR                                        

   Mon Apr 30 16:49:15 CEST 2012
   ***************************************** 
