
   ***************************************** 
   **** OUTPUT FROM DALTON SHELL SCRIPT **** 
   ***************************************** 

   Dalton Release DALTON2011 (DEVELOPMENT VERSION)

   Invocation: /home/bast/dalton/gaobin/openrsp/../build/dalton -d -nobackup -noarch hf.dal h2o2.mol

   Thu Feb 16 18:32:59 CET 2012

   Calculation: hf_h2o2  (input files: hf.dal and h2o2.mol)
   PID        : 21185
   Input dir  : /home/bast/dalton/gaobin/openrsp/test/alpha
   Scratch dir: /scratch/DALTON_scratch/bast/hf_h2o2

 before response solver: norm(RHS) =    3.9260684562813011     
 before response solver: norm(RHS) =    5.1030156648218830     
 before response solver: norm(RHS) =    4.6121339216832737     

alpha = -Eff
   5.28771550378   1.31980863869   0.00000000000
   1.31974569552  17.04893681297   0.00000000000
   0.00000000000   0.00000000000   9.27109293884

hf_h2o2.tar.gz has not been created and has thus not been copied to /home/bast/dalton/gaobin/openrsp/test/alpha
----------------------------------------------------------
1 informational messages have been issued by Dalton,
output from 'grep -n INFO'  (max 10 lines):
151:    INFO: Request for parallel calculation (.PARALL) is ignored because only one CPU process available.
597:INFO IO unit of log file:      2
598:INFO Print level:             10
599:INFO Number of specified real frequencies:           1
600:INFO Real frequencies:          0.072000
601:INFO Number of specified imaginary frequencies:      1
602:INFO Imaginary frequencies:     0.000000
603:INFO Calculate linear polarizability
604:INFO Maximum number of micro iterations of solving the response equations:    100
605:INFO Maximum dimension of the sub-block of the configuration Hessian:           0

   Thu Feb 16 18:33:00 CET 2012
   ***************************************** 
