
   ***************************************** 
   **** OUTPUT FROM DALTON SHELL SCRIPT **** 
   ***************************************** 

   Dalton Release DALTON2011 (DEVELOPMENT VERSION)

   Invocation: /home/bast/dalton/gaobin/openrsp/../build/dalton -d -nobackup -noarch lda.dal h2o2.mol

   Thu Feb 16 18:33:00 CET 2012

   Calculation: lda_h2o2  (input files: lda.dal and h2o2.mol)
   PID        : 21223
   Input dir  : /home/bast/dalton/gaobin/openrsp/test/alpha
   Scratch dir: /scratch/DALTON_scratch/bast/lda_h2o2

* Using the automatic differentiation xc functional:
   (weight: functional)

 before response solver: norm(RHS) =    3.9155951294510296     
 before response solver: norm(RHS) =    5.1656085412998216     
 before response solver: norm(RHS) =    4.6358083758274242     

alpha = -Eff
   5.52962984248   1.13375406481  -0.00000000000
   1.13383186204  14.12185635257   0.00000000000
  -0.00000000000   0.00000000000   9.94914379643

lda_h2o2.tar.gz has not been created and has thus not been copied to /home/bast/dalton/gaobin/openrsp/test/alpha
----------------------------------------------------------
1 informational messages have been issued by Dalton,
output from 'grep -n INFO'  (max 10 lines):
152:    INFO: Request for parallel calculation (.PARALL) is ignored because only one CPU process available.
611:INFO IO unit of log file:      2
612:INFO Print level:             10
613:INFO Number of specified real frequencies:           1
614:INFO Real frequencies:          0.072000
615:INFO Number of specified imaginary frequencies:      1
616:INFO Imaginary frequencies:     0.000000
617:INFO Calculate linear polarizability
618:INFO Maximum number of micro iterations of solving the response equations:    100
619:INFO Maximum dimension of the sub-block of the configuration Hessian:           0

   Thu Feb 16 18:33:11 CET 2012
   ***************************************** 
