
   ***************************************** 
   **** OUTPUT FROM DALTON SHELL SCRIPT **** 
   ***************************************** 

   Dalton Release DALTON2011 (DEVELOPMENT VERSION)

   Invocation: /home/bast/dalton/develop/external/openrsp/../../build/dalton -d -nobackup -noarch blyp.dal h2o2.mol

   Mon Apr  2 20:27:24 CEST 2012

   Calculation: blyp_h2o2  (input files: blyp.dal and h2o2.mol)
   PID        : 4540
   Input dir  : /home/bast/dalton/develop/external/openrsp/test/molecular_gradient
   Scratch dir: /scratch/DALTON_scratch/bast/blyp_h2o2



nucpot
  0.780616071475 -8.189007479219  2.448495054880 -0.780616071475  8.189007479219  2.448495054880 -1.041131895699 -1.010634820640 -2.448495054880  1.041131895699  1.010634820640 -2.448495054880

ovlave
  0.092451695871 -0.210459761694  0.203276605790 -0.092451695871  0.210459761695  0.203276605789 -0.081082502468 -0.030139759433 -0.203276605790  0.081082502467  0.030139759432 -0.203276605789

oneave
  -1.77989644392  17.31478367996  -5.24129483647   1.77989644393 -17.31478367997  -5.24129483651   2.04900577171   1.85182258062   5.24129483648  -2.04900577172  -1.85182258061   5.24129483650

twoave
  1.021138731303 -9.092004333376  2.855309563423 -1.021138731314  9.092004333386  2.855309563462 -1.036493271075 -0.872039540400 -2.855309563431  1.036493271086  0.872039540390 -2.855309563454













xcave
 -0.090664803982  0.163084685802 -0.226381197572  0.090664803982 -0.163084685802 -0.226381197572  0.084409601986  0.045980609953  0.226383432746 -0.084409601986 -0.045980609953  0.226383432746

gradient = Eg
  0.023645250747 -0.013603208529  0.039405190054 -0.023645250746  0.013603208530  0.039405190051 -0.025292295548 -0.015010929901 -0.039402954879  0.025292295547  0.015010929900 -0.039402954878

 sum of gradient elements =  ( 4.47034839445858978E-006,  0.0000000000000000     )
blyp_h2o2.tar.gz has not been created and has thus not been copied to /home/bast/dalton/develop/external/openrsp/test/molecular_gradient
----------------------------------------------------------
WARNING for ERROR  (Dalton program stopped with exit code 0)
- THEREFORE scratch directory /scratch/DALTON_scratch/bast/blyp_h2o2 is not deleted
  by this script so you may restart the calculation, if possible
  ( /scratch/DALTON_scratch/bast/blyp_h2o2 may be deleted by your queueing system )
- REMEMBER to delete /scratch/DALTON_scratch/bast/blyp_h2o2 yourself !!!

Output from 'grep -n ERROR' :
142:.MAX ERROR                                        

   Mon Apr  2 20:27:50 CEST 2012
   ***************************************** 
