
   ***************************************** 
   **** OUTPUT FROM DALTON SHELL SCRIPT **** 
   ***************************************** 

   Dalton Release DALTON2011 (DEVELOPMENT VERSION)

   Invocation: /home/bast/dalton/gaobin/openrsp/../build/dalton -d -nobackup -noarch lda.dal h2o2.mol

   Thu Feb  9 18:09:03 CET 2012

   Calculation: lda_h2o2  (input files: lda.dal and h2o2.mol)
   PID        : 5654
   Input dir  : /home/bast/dalton/gaobin/openrsp/test/molecular_gradient
   Scratch dir: /scratch/DALTON_scratch/bast/lda_h2o2

* Using the automatic differentiation xc functional:
   (weight: functional)

 nr elec, xc energy   17.999575322033927       -16.873514830587172     
nucpot
  0.780616071475 -8.189007479219  2.448495054880 -0.780616071475  8.189007479219  2.448495054880 -1.041131895699 -1.010634820640 -2.448495054880  1.041131895699  1.010634820640 -2.448495054880

ovlave
  0.066430852285 -0.178293082243  0.141723983458 -0.066430852285  0.178293082243  0.141723983458 -0.058077508232 -0.014428632963 -0.141723983457  0.058077508232  0.014428632963 -0.141723983458

oneave
  -1.66581323696  17.67956920644  -4.98020055941   1.66581323696 -17.67956920644  -4.98020055941   2.02869903321   1.79609474450   4.98020055941  -2.02869903321  -1.79609474450   4.98020055941

twoave
  0.942380193967 -9.484198765612  2.678398174384 -0.942380193967  9.484198765612  2.678398174384 -1.051271085166 -0.827791979690 -2.678398174384  1.051271085166  0.827791979690 -2.678398174384

 nr elec, xc energy   17.999575322033927       -16.722953180513436     
xcave
 -0.085006780922  0.208935394883 -0.214376822114  0.085006780922 -0.208935394883 -0.214376822114  0.084840260446  0.042697370052  0.214589983225 -0.084840260446 -0.042697370052  0.214589983225

gradient = Eg
  0.038607099844  0.037005274247  0.074039831202 -0.038607099844 -0.037005274247  0.074039831202 -0.036941195445 -0.014063318746 -0.073826670091  0.036941195445  0.014063318746 -0.073826670091

lda_h2o2.tar.gz has not been created and has thus not been copied to /home/bast/dalton/gaobin/openrsp/test/molecular_gradient
----------------------------------------------------------
WARNING for ERROR  (Dalton program stopped with exit code 0)
- THEREFORE scratch directory /scratch/DALTON_scratch/bast/lda_h2o2 is not deleted
  by this script so you may restart the calculation, if possible
  ( /scratch/DALTON_scratch/bast/lda_h2o2 may be deleted by your queueing system )
- REMEMBER to delete /scratch/DALTON_scratch/bast/lda_h2o2 yourself !!!

Output from 'grep -n ERROR' :
121:.MAX ERROR                                        

   Thu Feb  9 18:09:04 CET 2012
   ***************************************** 
