$ERROR 1.E-6
Nlines 10:d/db G-prime-noL

$ERROR 1.E-6
Nlines 10:d/db A-tensor-noL

$ERROR 1.E-6
Nlines 28:d/df d/db G-prime-noL

$ERROR 1.E-6
Nlines 28:d/df d/db A-tensor-noL

$ERROR 1.E-6
Nlines 10:d/db G-prime-Lon

$ERROR 1.E-6
Nlines 10:d/db A-tensor-Lon

$ERROR 1.E-6
Nlines 28:d/df d/db G-prime-Lon

$ERROR 1.E-6
Nlines 28:d/df d/db A-tensor-Lon
