dipmom = -Ef
  0.000000000000  0.000000000000  0.985512711489

quadru = -Eq
 -0.687601506645  1.055394960871 -0.568251654074  0.000000000000  0.000000000000  1.255853160719

 before response solver: norm(RHS) =   0.80520752473271617     
 before response solver: norm(RHS) =    2.4091398326877358     
 before response solver: norm(RHS) =    1.8933810015012984     

 before response solver: norm(RHS) =    2.1125179011066191     
 before response solver: norm(RHS) =    2.0492349934404577     
 before response solver: norm(RHS) =    3.1436965018628578     
 before response solver: norm(RHS) =    2.0480295574480647     
 before response solver: norm(RHS) =    4.8897157191668263     
 before response solver: norm(RHS) =    2.7869943494871734     

 before response solver: norm(RHS) =   0.80520752473271617     
 before response solver: norm(RHS) =    2.4091398326877358     
 before response solver: norm(RHS) =    1.8933810015012984     

 before response solver: norm(RHS) =   0.91158648433901512     
 before response solver: norm(RHS) =   0.62285733401008114     
 before response solver: norm(RHS) =    1.2266886089256179     
 before response solver: norm(RHS) =   0.68025231983687362     
 before response solver: norm(RHS) =    4.8864809482334390     
 before response solver: norm(RHS) =    1.3548724889989134     
 before response solver: norm(RHS) =    1.2297787056210341     
 before response solver: norm(RHS) =    1.3759968479420694     
 before response solver: norm(RHS) =    2.2202095268448354     

 before response solver: norm(RHS) =    1.4940717001068022     
 before response solver: norm(RHS) =   0.39561565065638576     
 before response solver: norm(RHS) =   0.86060098798518470     

 before response solver: norm(RHS) =    1.4940717001068022     
 before response solver: norm(RHS) =   0.39561565065638576     
 before response solver: norm(RHS) =   0.86060098798518470     

G-prime-noL = Eof w: 0.072-0.072
 -0.118339318337  0.029688219800  0.000000000000
 -0.300939502983  0.010586445222  0.000000000000
 -0.000000000000 -0.000000000000  0.102099527839

 before response solver: norm(RHS) =    1.3312138493976600     
 before response solver: norm(RHS) =   0.94888110746712817     
 before response solver: norm(RHS) =    1.7436030497392618     
 before response solver: norm(RHS) =    3.4549857104228980     
 before response solver: norm(RHS) =   0.93032020154600781     
 before response solver: norm(RHS) =    3.3640552750516233     
 before response solver: norm(RHS) =    2.2173005594382489     
 before response solver: norm(RHS) =    1.4708757614451713     
 before response solver: norm(RHS) =    1.0891854273313282     

 before response solver: norm(RHS) =    1.3499521956656768     
 before response solver: norm(RHS) =   0.96746555783032762     
 before response solver: norm(RHS) =    1.7913154663495838     
 before response solver: norm(RHS) =    3.5015442415350959     
 before response solver: norm(RHS) =   0.94729494671060266     
 before response solver: norm(RHS) =    3.3979366768312746     
 before response solver: norm(RHS) =    2.2230176872661640     
 before response solver: norm(RHS) =    1.4764787766083991     
 before response solver: norm(RHS) =    1.0983081987689667     

d/db G-prime-noL = Eoof w: 0.072 0.000-0.072
  0.000000000000  0.000000000000  1.399229718562
  0.000000000000 -0.000000000000 -0.483739491901
  1.411511046827 -0.516399547317  0.000000000000
  0.000000000000  0.000000000000  4.884258662455
  0.000000000000 -0.000000000000  0.188731960131
  5.021208662484  0.128397302576  0.000000000001
 -0.898155831207 -0.206422644768 -0.000000000000
 -0.198339997113 -1.375843600979 -0.000000000000
 -0.000000000000 -0.000000000000 -0.004725068440

d/db A-tensor-noL = -Eqof w: 0.072 0.000-0.072
  0.005051139553  0.106591756744 -0.149451931320 -0.000000000000 -0.000000000000  0.144400791767
 -0.077175534869  0.135002995854 -0.350532046580  0.000000000000  0.000000000000  0.427707581448
 -0.000000000000  0.000000000000 -0.000000000000 -0.406499628027 -1.091315583425  0.000000000000
  0.193051217061  0.835404854453 -1.059008124992  0.000000000000  0.000000000000  0.865956907930
 -0.057872998362 -0.116497376858 -0.160822002861  0.000000000000  0.000000000000  0.218695001223
  0.000000000000 -0.000000000000 -0.000000000000 -0.682649053261 -1.471133271897  0.000000000000
  0.000000000000  0.000000000000 -0.000000000000 -0.051693251963  0.253787292648 -0.000000000000
 -0.000000000000 -0.000000000000  0.000000000000 -0.145463064179 -0.247071865737 -0.000000000000
 -0.057401697245  0.026351885603 -0.065794469152  0.000000000000  0.000000000000  0.123196166397

d/df d/db G-prime-noL = Eooff w: 0.072 0.000-0.072 0.000
    4.6691203679    5.0201515670    0.0000000000
    5.1127293279    5.5527712741    0.0000000000
    0.0000000000    0.0000000000    4.1891636350
   23.2326299595    5.5061273667    0.0000000000
    5.4946851504    5.0468101980   -0.0000000000
    0.0000000000   -0.0000000000   17.0030853254
   -0.0000000000    0.0000000000   -5.6794657308
    0.0000000000    0.0000000000    0.8996355238
   -5.6442202820    0.9681960503   -0.0000000000
   23.3820533697    5.8060136444    0.0000000000
    6.3002494603    5.0035439169   -0.0000000000
    0.0000000000   -0.0000000000   17.0883986783
   83.0333925893    7.0887404378    0.0000000000
    7.6433003050    7.4644613136    0.0000000000
    0.0000000000    0.0000000000  158.2257334915
   -0.0000000000   -0.0000000000  -14.8203275980
   -0.0000000000    0.0000000000   -4.7804434295
  -14.5282685322   -4.3880406423   -0.0000000000
   -0.0000000000    0.0000000000   -5.7943208733
    0.0000000000    0.0000000000    0.7996012492
   -5.7408972407    0.8967182017   -0.0000000000
   -0.0000000000   -0.0000000000  -14.6199578405
   -0.0000000000    0.0000000000   -4.7163177785
  -15.0685691118   -4.7786658659   -0.0000000000
    1.5908394650   -0.3804079813    0.0000000000
   -0.3596887252   16.7722954901    0.0000000000
    0.0000000000    0.0000000000    1.3119119724

d/df d/db A-tensor-noL = -Eqoff w: 0.072 0.000-0.072 0.000
   0.00000000000  -0.00000000000  -0.00000000000  -0.09096348522  -1.65879845259   0.00000000000
   0.00000000000  -0.00000000000   0.00000000000  -0.21242311083  -1.84093045945  -0.00000000000
   0.35243256451  -0.52348327976  -1.84159151728  -0.00000000000  -0.00000000000   1.48915897529
   0.00000000000  -0.00000000000  -0.00000000000  -1.74094249162  -3.72452248857   0.00000000000
   0.00000000000  -0.00000000000  -0.00000000000   0.28134096394  -0.65711104150   0.00000000000
   7.88820444367  -0.46976340707 -14.65520570984  -0.00000000000   0.00000000000   6.76700133550
  -0.85640090380   0.27793406659   1.14694183211   0.00000000000   0.00000000000  -0.29054094041
  -0.16386555125   1.40813252151  -0.42632311083   0.00000000000   0.00000000000   0.59018866094
  -0.00000000000   0.00000000000   0.00000000000  -0.25033595675  -0.04785859256  -0.00000000000
  -0.00000000000  -0.00000000000  -0.00000000000   0.91494206565  -0.46895419557   0.00000000000
   0.00000000000   0.00000000000  -0.00000000000  -0.39638384302   0.04496304611   0.00000000000
  -2.37080959651   1.31945177809  -3.53166639265  -0.00000000000  -0.00000000000   5.90247604778
   0.00000000000  -0.00000000000  -0.00000000000   1.98209417443   9.22070360138   0.00000000000
   0.00000000000  -0.00000000000  -0.00000000000  -0.36280470592  -0.77248360577   0.00000000000
  -2.94530766334  -9.08296017505   2.10950813009  -0.00000000000  -0.00000000000   0.83579956026
   0.17065583491   0.39547915933   0.21812335239  -0.00000000000   0.00000000000  -0.38877920402
   0.37987894070   1.63025046439   0.23485952600   0.00000000000  -0.00000000000  -0.61473842286
   0.00000000000  -0.00000000000   0.00000000000   0.61612755951   1.11558645920  -0.00000000000
  -0.01501449147  -1.05656247794   1.26798597390   0.00000000000   0.00000000000  -1.25297149474
   1.09860583044  -0.50388868115   1.15666525267  -0.00000000000  -0.00000000000  -2.25527108058
  -0.00000000000   0.00000000000   0.00000000000   0.71845071686   2.18793752389  -0.00000000000
  -0.93443713321  -4.71808191608   4.97655352435  -0.00000000000  -0.00000000000  -4.04211641398
   0.73979447692   0.31641814722   1.00860374646   0.00000000000   0.00000000000  -1.74839818030
  -0.00000000000   0.00000000000   0.00000000000   1.92731070098   5.76385346193  -0.00000000000
  -0.00000000000   0.00000000000   0.00000000000   0.98300470279   1.06952288609   0.00000000000
   0.00000000000   0.00000000000  -0.00000000000   0.91334846972   0.96455102154  -0.00000000000
   0.48873299835   0.29523809008   0.03056414112  -0.00000000000  -0.00000000000  -0.51929712465

 before response solver: norm(RHS) =   0.86391259890053074     
 before response solver: norm(RHS) =   0.19559478764175747     
 before response solver: norm(RHS) =   0.60219245612974970     

 before response solver: norm(RHS) =   0.86532993860090757     
 before response solver: norm(RHS) =   0.19565108986024482     
 before response solver: norm(RHS) =   0.60259807586198966     

G-prime-Lon = Ebf w: 0.072-0.072
 -0.142936162901  0.020256210015  0.000000000000
 -0.325856798202  0.012851554231  0.000000000000
  0.000000000000 -0.000000000000  0.113159123455

 before response solver: norm(RHS) =    1.2566213651203249     
 before response solver: norm(RHS) =   0.87685603477261365     
 before response solver: norm(RHS) =    1.2386226092868586     
 before response solver: norm(RHS) =    3.1729481472770154     
 before response solver: norm(RHS) =   0.60250360559103566     
 before response solver: norm(RHS) =    2.9382857059204941     
 before response solver: norm(RHS) =    2.2964511699988925     
 before response solver: norm(RHS) =    1.1350094947609461     
 before response solver: norm(RHS) =    1.0034192537007149     

 before response solver: norm(RHS) =    1.2697989124596638     
 before response solver: norm(RHS) =   0.89847340015325872     
 before response solver: norm(RHS) =    1.2413433032592291     
 before response solver: norm(RHS) =    3.2172830092735483     
 before response solver: norm(RHS) =   0.61828801746311568     
 before response solver: norm(RHS) =    2.9718651036330823     
 before response solver: norm(RHS) =    2.3078428103937965     
 before response solver: norm(RHS) =    1.1438661206315455     
 before response solver: norm(RHS) =    1.0112154994651330     

d/db G-prime-Lon = Ebbf w: 0.072 0.000-0.072
  0.000000000000  0.000000000000  1.193225531809
  0.000000000000 -0.000000000000  0.206085365151
  1.221607317865  0.184351365121  0.000000000000
  0.000000000000  0.000000000000  2.995514782199
  0.000000000000 -0.000000000000  0.797309226703
  3.106114883237  0.754019326687  0.000000000001
 -3.128451648433  0.669049349172 -0.000000000000
  0.674329788433 -1.577135099515 -0.000000000000
 -0.000000000000 -0.000000000000 -1.035420842452

d/db A-tensor-Lon = -Efbq w: 0.072 0.000-0.072
  0.092927003552  0.097216495017 -0.217859936678  0.000000000000 -0.000000000000  0.124932933126
  0.072531043713  0.171571016229 -0.332670728391  0.000000000000  0.000000000000  0.260139684678
 -0.000000000000  0.000000000000 -0.000000000000 -0.335530621077 -0.854563451110  0.000000000000
  0.290284097124  0.756302077608 -1.427982121933  0.000000000000  0.000000000000  1.137698024809
  0.051447628790  0.169653228800 -0.151295433542  0.000000000000  0.000000000000  0.099847804752
  0.000000000000  0.000000000000 -0.000000000000 -0.659787305113 -1.377048240425  0.000000000000
  0.000000000000  0.000000000000 -0.000000000000  0.008580015114  0.137831565865 -0.000000000000
 -0.000000000000 -0.000000000000  0.000000000000  0.002537348636 -0.236831263833 -0.000000000000
 -0.031107843326 -0.027723232984  0.029673028656  0.000000000000  0.000000000000  0.001434814670

d/df d/db G-prime-Lon = Ebbff w: 0.072 0.000-0.072 0.000
    4.6023190881    2.2207363595    0.0000000000
    2.3609472919    5.8653683308    0.0000000000
    0.0000000000    0.0000000000    4.2081469413
   18.3416953470    3.7362363272    0.0000000000
    3.7197766449    4.2381175803   -0.0000000000
    0.0000000000   -0.0000000000   15.5132493508
   -0.0000000000    0.0000000000   -5.1661350409
    0.0000000000    0.0000000000   -0.7341743875
   -5.1462856031   -0.7573319508   -0.0000000000
   18.3082433460    4.0502028963    0.0000000000
    4.6004209531    4.1696459499   -0.0000000000
    0.0000000000   -0.0000000000   15.6643387051
   67.4032754253    4.4792327563    0.0000000000
    4.9896419207    6.0776209536    0.0000000000
    0.0000000000    0.0000000000  121.3624533274
   -0.0000000000   -0.0000000000  -10.6886096073
   -0.0000000000    0.0000000000   -4.5350578736
  -10.5386102518   -4.3623686234   -0.0000000000
   -0.0000000000    0.0000000000   -5.2083022866
    0.0000000000    0.0000000000   -0.8281344073
   -5.2378538487   -0.7752473082   -0.0000000000
   -0.0000000000   -0.0000000000  -10.6640475128
   -0.0000000000    0.0000000000   -4.6111713540
  -11.0297228074   -4.5679425098   -0.0000000000
   10.1316158436   -2.9396857590    0.0000000000
   -2.9064383682   16.2511776185    0.0000000000
    0.0000000000    0.0000000000    3.7882672713

d/df d/db A-tensor-Lon = -Eqbff w: 0.072 0.000-0.072 0.000
   0.00000000000  -0.00000000000  -0.00000000000  -0.11714114652  -1.00128857665   0.00000000000
   0.00000000000  -0.00000000000   0.00000000000  -0.18138093311  -1.21274861552  -0.00000000000
   0.44093665022  -0.36917773376  -1.81298783380  -0.00000000000  -0.00000000000   1.37205120069
   0.00000000000  -0.00000000000  -0.00000000000  -1.71372228713  -3.28596433616   0.00000000000
   0.00000000000  -0.00000000000  -0.00000000000   0.10796987203  -0.61581933446   0.00000000000
   6.97750164696  -0.21061955031 -13.07004337734  -0.00000000000   0.00000000000   6.09254179573
  -0.65423132496   0.00407151837   0.96792193931   0.00000000000   0.00000000000  -0.31369064251
  -0.07638904234   0.75444555456  -0.31764329592   0.00000000000   0.00000000000   0.39403234966
  -0.00000000000   0.00000000000   0.00000000000  -0.24567691742   0.03092186023  -0.00000000000
  -0.00000000000  -0.00000000000  -0.00000000000   0.82974436646  -0.77755248816   0.00000000000
   0.00000000000   0.00000000000  -0.00000000000  -0.28072797324   0.71163975649   0.00000000000
  -2.68695573797   0.73447996689  -1.69839914945  -0.00000000000  -0.00000000000   4.38535494298
   0.00000000000  -0.00000000000  -0.00000000000   1.43169566454   6.56829213442   0.00000000000
   0.00000000000  -0.00000000000  -0.00000000000  -0.41213355826  -0.47144612842   0.00000000000
  -2.90948463570  -8.30640103645   2.37703703263  -0.00000000000  -0.00000000000   0.53244764962
  -0.40616542008  -0.02117909263   1.32418572529  -0.00000000000   0.00000000000  -0.91802035505
   0.32185518776   0.81245325955   0.20265494875   0.00000000000  -0.00000000000  -0.52451009498
   0.00000000000  -0.00000000000   0.00000000000   0.47465349793   1.09610395380  -0.00000000000
  -0.23157991887  -0.77514132710   0.73915737027   0.00000000000   0.00000000000  -0.50757747770
   0.66255771358  -0.60476445813   1.29589700555  -0.00000000000  -0.00000000000  -1.95845470646
  -0.00000000000   0.00000000000   0.00000000000   0.53827251433   1.91201863145  -0.00000000000
  -1.20591099988  -3.81090175524   5.40264437036  -0.00000000000  -0.00000000000  -4.19673342490
   0.47505493163  -0.14465257478   0.87137453714   0.00000000000   0.00000000000  -1.34642942970
  -0.00000000000  -0.00000000000   0.00000000000   1.70640223088   5.10733004916  -0.00000000000
  -0.00000000000  -0.00000000000  -0.00000000000   0.65859188031   0.58995356579   0.00000000000
   0.00000000000   0.00000000000  -0.00000000000   0.79838047454   1.02584436754  -0.00000000000
   0.18875931981   0.34716703103   0.08530370585  -0.00000000000  -0.00000000000  -0.27406301814


 Work memory size (LMWORK+2):   100000002 =  762.94 megabytes.

   1: Directories for basis set searches:
     /Users/gaobin/Work/XKjem/linsca/basis
