$ERROR 1.E-5
from:Raman related properties for freq
to:RSPC Backing from VIBCTL_ifc
