$ERROR 1.E-6
Nlines 10:d/dg Polari = -Egff w: 0.000 0.072-0.072
$ERROR 1.E-6
Nlines 10:d/dg G-prime = Egbf w: 0.000 0.072-0.072
$ERROR 1.E-6
Nlines 19:d/dg A-tensor = -Egqf w: 0.000 0.072-0.072
