 before response solver: norm(RHS) =   0.80520752473271617     
 before response solver: norm(RHS) =    2.4091398326877358     
 before response solver: norm(RHS) =    1.8933810015012984     

Alpha = -Eff w: 0.072-0.072
   1.47495985214   1.78847626366   0.00000000000
   1.78847626337  10.27328066918   0.00000000000
   0.00000000000   0.00000000000   5.65986838057

G-prime = Ebf w: 0.072-0.072
 -0.118339318578  0.029688221106  0.000000000000
 -0.300939501064  0.010586449493  0.000000000000
 -0.000000000000 -0.000000000000  0.102099527219

A-tensor = -Eqf w: 0.072-0.072
 -0.000000000000  0.000000000000 -0.000000000000  2.674527618329  7.451302141114  0.000000000000
 -0.000000000000  0.000000000000  0.000000000000  4.022913487271  9.338337498492 -0.000000000000
 -3.826748442455  5.939650520041 -1.260431494847  0.000000000000  0.000000000000  5.087179937302

 before response solver: norm(RHS) =   0.93217700082166144     

 before response solver: norm(RHS) =   0.69893782259661874     
 before response solver: norm(RHS) =    4.8691045762637089     

 before response solver: norm(RHS) =    1.2315759886332238     
 before response solver: norm(RHS) =    1.3755365369634525     
 before response solver: norm(RHS) =    2.2179111259845068     

d/dg Polari = -Egff w: 0.000 0.072-0.072
  -0.96220779373   0.03187055509  -0.34543407433   0.96220779373  -0.03187055509  -0.34543407433   1.83437019784   0.03370023510   0.34543407433  -1.83437019784  -0.03370023510   0.34543407433
   1.71734732018   0.34486122795  -0.64625357927  -1.71734732018  -0.34486122795  -0.64625357927   1.47853758708   0.82623768312   0.64625357927  -1.47853758708  -0.82623768312   0.64625357927
  -1.83287330839   0.02027812776  -1.10044409144  -1.83287330839   0.02027812776   1.10044409144   1.83287330839  -0.02027812776   1.39598243652   1.83287330839  -0.02027812776  -1.39598243652
   1.71734732018   0.34486122795  -0.64625357927  -1.71734732018  -0.34486122795  -0.64625357927   1.47853758708   0.82623768312   0.64625357927  -1.47853758708  -0.82623768312   0.64625357927
  -0.84690424801  11.14896224872  -1.49613798860   0.84690424801 -11.14896224872  -1.49613798860   0.53219579556   2.19280584356   1.49613798860  -0.53219579556  -2.19280584356   1.49613798860
  -0.37899637261  -1.59657289300   0.82082626265  -0.37899637261  -1.59657289300  -0.82082626265   0.37899637261   1.59657289300   2.20944535264   0.37899637261   1.59657289300  -2.20944535264
  -1.83287330839   0.02027812776  -1.10044409144  -1.83287330839   0.02027812776   1.10044409144   1.83287330839  -0.02027812776   1.39598243652   1.83287330839  -0.02027812776  -1.39598243652
  -0.37899637261  -1.59657289300   0.82082626265  -0.37899637261  -1.59657289300  -0.82082626265   0.37899637261   1.59657289300   2.20944535264   0.37899637261   1.59657289300  -2.20944535264
  -0.47611366748   0.44063106479  -3.93415401029   0.47611366748  -0.44063106479  -3.93415401029   0.40491345627   0.04146895704   3.93415401029  -0.40491345627  -0.04146895704   3.93415401029

 before response solver: norm(RHS) =    1.4940717001068022     
 before response solver: norm(RHS) =   0.39561565065638576     
 before response solver: norm(RHS) =   0.86060098798518470     

 before response solver: norm(RHS) =    1.3715906411912817     
 before response solver: norm(RHS) =   0.98175143563084011     
 before response solver: norm(RHS) =    1.8376808774687337     
 before response solver: norm(RHS) =    3.5328042856058368     
 before response solver: norm(RHS) =   0.95467182580657484     
 before response solver: norm(RHS) =    3.4518533624745804     
 before response solver: norm(RHS) =    2.2476054806643426     
 before response solver: norm(RHS) =    1.4919804776973082     
 before response solver: norm(RHS) =    1.1181555322874268     

d/dg G-prime = Egbf w: 0.000 0.072-0.072
  0.052552190004  0.102055383685  0.134622299878 -0.052552190004 -0.102055383685  0.134622299878 -0.114961157719  0.016171056320 -0.107860799259  0.114961157719 -0.016171056320 -0.107860799259
  0.046059595293 -0.038174408116 -0.050582551734 -0.046059595293  0.038174408116 -0.050582551734  0.020671460291  0.052204602805  0.038462835072 -0.020671460291 -0.052204602805  0.038462835072
 -0.098037973987  0.025307779021 -0.025984805812 -0.098037973987  0.025307779021  0.025984805812  0.071276473367 -0.013188062358  0.016356679184  0.071276473367 -0.013188062358 -0.016356679184
  0.006100465005 -0.242799987117  0.286153292466 -0.006100465005  0.242799987117  0.286153292466  0.005970268863 -0.065964812866 -0.141201843688 -0.005970268863  0.065964812866 -0.141201843688
  0.095145711825 -0.018525661634 -0.036035706046 -0.095145711825  0.018525661634 -0.036035706046  0.007276798569  0.015757593417  0.012722189615 -0.007276798569 -0.015757593417  0.012722189615
 -0.231391255652  0.016893245460 -0.040769729503 -0.231391255652  0.016893245460  0.040769729503  0.086439806874  0.006420270970  0.011611524567  0.086439806874  0.006420270970 -0.011611524567
  0.044497034871 -0.075822184057  0.215591477332  0.044497034871 -0.075822184057 -0.215591477332 -0.044497034871 -0.009143549692 -0.266975446768 -0.044497034871 -0.009143549692  0.266975446768
  0.092258728387  0.008624352835 -0.032568529516  0.092258728387  0.008624352835  0.032568529516 -0.007292994639 -0.008624352835 -0.008277659964 -0.007292994639 -0.008624352835  0.008277659964
 -0.102566508443 -0.062948611758 -0.077042114952  0.102566508443  0.062948611758 -0.077042114952  0.086274398393  0.006549390456  0.077042114952 -0.086274398393 -0.006549390456  0.077042114952

 before response solver: norm(RHS) =    2.1125179011066191     
 before response solver: norm(RHS) =    2.0492349934404577     
 before response solver: norm(RHS) =    3.1436965018628578     
 before response solver: norm(RHS) =    2.0480295574480647     
 before response solver: norm(RHS) =    4.8897157191668263     
 before response solver: norm(RHS) =    2.7869943494871734     

 before response solver: norm(RHS) =    1.2099252221797718     
 before response solver: norm(RHS) =    1.4889452132188483     
 before response solver: norm(RHS) =    1.9793034922331592     
 before response solver: norm(RHS) =    1.2295566930750272     
 before response solver: norm(RHS) =    3.3579518016642860     
 before response solver: norm(RHS) =    1.2556908311720647     
 before response solver: norm(RHS) =    3.7612619395867366     
 before response solver: norm(RHS) =    2.9220454284174884     
 before response solver: norm(RHS) =    7.9793194122760234     
 before response solver: norm(RHS) =    1.5480596503531079     
 before response solver: norm(RHS) =    4.4326433446087430     
 before response solver: norm(RHS) =    4.4968447585777627     
 before response solver: norm(RHS) =    1.4442956191439131     
 before response solver: norm(RHS) =    2.5547516725914501     
 before response solver: norm(RHS) =    1.6787672411247565     
 before response solver: norm(RHS) =    1.9019399929622900     
 before response solver: norm(RHS) =    6.7152726969617769     
 before response solver: norm(RHS) =    2.0449379935963590     

d/dg A-tensor = -Egqf w: 0.000 0.072-0.072
   1.54794775581   0.31798000299   0.45253307534   1.54794775581   0.31798000299  -0.45253307534  -0.07298790367  -1.21221813482  -1.48909646755  -0.07298790367  -1.21221813482   1.48909646755
  -2.96874868205   0.17232121242  -0.56053308520  -2.96874868205   0.17232121242   0.56053308520   4.31010587980   0.93389867669   0.52142394394   4.31010587980   0.93389867669  -0.52142394394
   0.28906381743  -0.75932227786  -0.60940048339   0.28906381743  -0.75932227786   0.60940048339  -1.02654374350   2.54779854153  -1.46048078026  -1.02654374350   2.54779854153   1.46048078026
  -0.89930279131   0.15682925584  -0.49182370615   0.89930279131  -0.15682925584  -0.49182370615   4.08048315773   0.05838474455   1.59804359526  -4.08048315773  -0.05838474455   1.59804359526
  -4.01351742257   0.84107371319  -2.95891906814   4.01351742257  -0.84107371319  -2.95891906814   5.92708368616   1.80759186556   4.30027626589  -5.92708368616  -1.80759186556   4.30027626589
  -1.83701157307   0.44134227531   0.15686740847  -1.83701157307   0.44134227531  -0.15686740847   1.09953164700  -1.33558040714   2.94957724788   1.09953164700  -1.33558040714  -2.94957724788
   0.40279210265  -2.26681248725   1.67225380814   0.40279210265  -2.26681248725  -1.67225380814   1.38568416073  -2.86982784734  -2.73402888980   1.38568416073  -2.86982784734   2.73402888980
   4.04567047145  -1.23916062221  -1.76819846270   4.04567047145  -1.23916062221   1.76819846270   3.65929003044   2.58051781974   0.97279438452   3.65929003044   2.58051781974  -0.97279438452
  -0.08114210419   7.20955030902  -1.02750944517  -0.08114210419   7.20955030902   1.02750944517  -0.81309602750   3.06373036016  -1.83501264602  -0.81309602750   3.06373036016   1.83501264602
  -0.82994126454   0.98866394494  -1.37679233020   0.82994126454  -0.98866394494  -1.37679233020   3.35412592072   1.86647395599   2.71814952773  -3.35412592072  -1.86647395599   2.71814952773
  -1.98096391875   0.45636075947   0.54167940179   1.98096391875  -0.45636075947   0.54167940179   1.15024282938   7.14187476105   7.16328110010  -1.15024282938  -7.14187476105   7.16328110010
  -0.32164999864  -4.94273782165  -0.64474436335  -0.32164999864  -4.94273782165   0.64474436335  -0.57258813305  -0.19390251294   4.56904153603  -0.57258813305  -0.19390251294  -4.56904153603
   0.70668517881   1.99607044669   0.99797722204  -0.70668517881  -1.99607044669   0.99797722204   1.85822263167  -2.51468231166  -3.82791141233  -1.85822263167   2.51468231166  -3.82791141233
  -4.03026508140   0.73778746344  -2.40404598310   4.03026508140  -0.73778746344  -2.40404598310   4.70256741551   1.67943917118   2.40404598310  -4.70256741551  -1.67943917118   2.40404598310
  -0.35069216439  -4.25652975670   0.14540463043   0.35069216439   4.25652975670   0.14540463043  -1.20387389511   4.87520720887  -2.97533882071   1.20387389511  -4.87520720887  -2.97533882071
   0.28414681504  -0.05892215839  -1.83421086959   0.28414681504  -0.05892215839   1.83421086959   3.96075447039   0.05892215839   4.43868757396   3.96075447039   0.05892215839  -4.43868757396
  -1.20467366878   0.34003004968 -10.05943610214  -1.20467366878   0.34003004967  10.05943610214   1.20467366878   3.90487123575  12.60048045035   1.20467366878   3.90487123575 -12.60048045035
  -0.35599301452   2.26045931006  -1.14338185241   0.35599301452  -2.26045931006  -1.14338185241  -0.65434873651  -2.36052489712   6.80325023297   0.65434873651   2.36052489712   6.80325023297


 Work memory size (LMWORK+2):   100000002 =  762.94 megabytes.

   1: Directories for basis set searches:
     /Users/gaobin/Work/XKjem/linsca/basis
