
   ***************************************** 
   **** OUTPUT FROM DALTON SHELL SCRIPT **** 
   ***************************************** 

   Dalton Release DALTON2011 (DEVELOPMENT VERSION)

   Invocation: /home/bast/dalton/develop/external/openrsp/../../build/dalton -d -nobackup -noarch lda.dal fh.mol

   Mon Apr 30 16:30:28 CEST 2012

   Calculation: lda_fh  (input files: lda.dal and fh.mol)
   PID        : 12782
   Input dir  : /home/bast/dalton/develop/external/openrsp/test/cubicff-fh
   Scratch dir: /scratch/DALTON_scratch/bast/lda_fh




DFT grid generator
------------------
::

 Becke atomic partitioning scheme
 Lebedev angular quadrature (fixed size)
 Rotational invariance of grid points: random rotation
 Gauss-Chebyshev(I) radial quadrature
 Radial grid points mapping:  Becke
 Screening 1.d-10

 Atom   1 has   11640 grid points
 Atom   2 has   11640 grid points
 Total          23280 grid points


 nr electrons from xc =    10.0000017790056     
nucpot
 -3.114186851211  0.000000000000  0.000000000000  3.114186851211  0.000000000000  0.000000000000

ovlave
 -0.177657825032  0.000000321043  0.000000711450  0.177657825033 -0.000000321043 -0.000000711450

oneave
  5.539315620839  0.000000000000  0.000000000000 -5.539315620839  0.000000000000  0.000000000000

twoave
 -2.630012197491  0.000000000000  0.000000000000  2.630012197491  0.000000000000  0.000000000000



 nr electrons from xc =    10.0000017790056     


 nr electrons from xc =    10.0000017790056     


 nr electrons from xc =    10.0000017790056     


 nr electrons from xc =    10.0000017790056     


 nr electrons from xc =    10.0000017790056     


 nr electrons from xc =    10.0000017790056     
xcave
  0.245637550950  0.000034730463  0.000209188773 -0.245652481914 -0.000000175795 -0.000000521374

gradient = Eg
 -0.136903701946  0.000035051506  0.000209900222  0.136888770983 -0.000000496838 -0.000001232824

 sum of gradient elements =  (2.282911036717294E-004,0.000000000000000E+000)


 nr electrons from xc =    10.0000017790056     


 nr electrons from xc =    10.0000017790056     


 nr electrons from xc =    10.0000017790056     


 nr electrons from xc =    10.0000017790056     


 nr electrons from xc =    10.0000017790056     


 nr electrons from xc =    10.0000017790056     


 nr electrons from xc =    10.0000017790056     


 nr electrons from xc =    10.0000017790056     


 nr electrons from xc =    10.0000017790056     


 nr electrons from xc =    10.0000017790056     


 nr electrons from xc =    10.0000017790056     


 nr electrons from xc =    10.0000017790056     


 nr electrons from xc =    10.0000017790056     


 nr electrons from xc =    10.0000017790056     


 nr electrons from xc =    10.0000017790056     


 nr electrons from xc =    10.0000017790056     


 nr electrons from xc =    10.0000017790056     


 nr electrons from xc =    10.0000017790056     


 nr electrons from xc =    10.0000017790056     


 nr electrons from xc =    10.0000017790056     


 nr electrons from xc =    10.0000017790056     


 nr electrons from xc =    10.0000017790056     


 nr electrons from xc =    10.0000017790056     


 nr electrons from xc =    10.0000017790056     


 nr electrons from xc =    10.0000017790056     


 nr electrons from xc =    10.0000017790056     


 nr electrons from xc =    10.0000017790056     


 nr electrons from xc =    10.0000017790056     


 nr electrons from xc =    10.0000017790056     


 nr electrons from xc =    10.0000017790056     


 nr electrons from xc =    10.0000017790056     


 nr electrons from xc =    10.0000017790056     


 nr electrons from xc =    10.0000017790056     


 nr electrons from xc =    10.0000017790056     


 nr electrons from xc =    10.0000017790056     


 nr electrons from xc =    10.0000017790056     


 nr electrons from xc =    10.0000017790056     


 nr electrons from xc =    10.0000017790056     


 nr electrons from xc =    10.0000017790056     


 nr electrons from xc =    10.0000017790056     


 nr electrons from xc =    10.0000017790056     


 nr electrons from xc =    10.0000017790056     


 nr electrons from xc =    10.0000017790056     


 nr electrons from xc =    10.0000017790056     


 nr electrons from xc =    10.0000017790056     


 nr electrons from xc =    10.0000017790056     
hnuc_ab
  3.663749236719  0.000000000000  0.000000000000 -3.663749236719  0.000000000000  0.000000000000
  0.000000000000 -1.831874618359  0.000000000000  0.000000000000  1.831874618359  0.000000000000
  0.000000000000  0.000000000000 -1.831874618359  0.000000000000  0.000000000000  1.831874618359
 -3.663749236719  0.000000000000  0.000000000000  3.663749236719  0.000000000000  0.000000000000
  0.000000000000  1.831874618359  0.000000000000  0.000000000000 -1.831874618359  0.000000000000
  0.000000000000  0.000000000000  1.831874618359  0.000000000000  0.000000000000 -1.831874618359

-SabDFD
 -0.074039472662 -0.000000350044 -0.000000775717  0.074039472662  0.000000350044  0.000000775717
 -0.000000350044 -0.171199158889  0.000000000000  0.000000350044  0.171199158889  0.000000000000
 -0.000000775717  0.000000000000 -0.171199158889  0.000000775717  0.000000000000  0.171199158889
  0.074039472662  0.000000350044  0.000000775717 -0.074039472662 -0.000000350044 -0.000000775717
  0.000000350044  0.171199158889  0.000000000000 -0.000000350044 -0.171199158889  0.000000000000
  0.000000775717  0.000000000000  0.171199158889 -0.000000775717  0.000000000000 -0.171199158889

-SaDFDb
  0.066481428227 -0.000000101096 -0.000000072449 -0.066481428227  0.000000101096  0.000000072449
  0.000001791173  0.066653273225 -0.000001372079 -0.000001791173 -0.066653273225  0.000001372079
  0.000005928159 -0.000001372120  0.066651422155 -0.000005928159  0.000001372120 -0.066651422155
 -0.066480950894 -0.000000013599 -0.000000007240  0.066480950894  0.000000013599  0.000000007240
 -0.000000010018 -0.066653316282 -0.000000205124  0.000000010018  0.066653316282  0.000000205124
 -0.000000242680 -0.000000205125 -0.066653660723  0.000000242680  0.000000205125  0.066653660723

HabD
 -2.502036078227  0.000000000000  0.000000000000  2.502036078227  0.000000000000  0.000000000000
  0.000000000000  4.542470960085  0.000000000000  0.000000000000 -4.542470960085  0.000000000000
  0.000000000000  0.000000000000  4.542470960085  0.000000000000  0.000000000000 -4.542470960085
  2.502036078227  0.000000000000  0.000000000000 -2.502036078227  0.000000000000  0.000000000000
  0.000000000000 -4.542470960085  0.000000000000  0.000000000000  4.542470960085  0.000000000000
  0.000000000000  0.000000000000 -4.542470960085  0.000000000000  0.000000000000  4.542470960085

HaDb
  1.333467848762 -0.000029394810 -0.000005124094 -1.333467848762  0.000029394810  0.000005124094
 -0.000044709175 -1.281418094107 -0.000163955568  0.000044709175  1.281418094107  0.000163955568
 -0.000133559056 -0.000163954906 -1.281578717419  0.000133559056  0.000163954906  1.281578717419
 -1.333409180579 -0.000002323604 -0.000004935038  1.333409180579  0.000002323604  0.000004935038
 -0.000001135913  1.281386727058 -0.000003099773  0.000001135913 -1.281386727058  0.000003099773
 -0.000000782823 -0.000003099758  1.281383761516  0.000000782823  0.000003099758 -1.281383761516

Gab(D)D/2
 -0.465901068795  0.000000000000  0.000000000000  0.465901068795  0.000000000000  0.000000000000
  0.000000000000 -2.844843495615  0.000000000000  0.000000000000  2.844843495615  0.000000000000
  0.000000000000  0.000000000000 -2.844843495615  0.000000000000  0.000000000000  2.844843495615
  0.465901068795  0.000000000000  0.000000000000 -0.465901068795  0.000000000000  0.000000000000
  0.000000000000  2.844843495615  0.000000000000  0.000000000000 -2.844843495615  0.000000000000
  0.000000000000  0.000000000000  2.844843495615  0.000000000000  0.000000000000 -2.844843495615

Ga(D)Db
 -1.142137325260  0.000029237873  0.000005096737  1.142137325260 -0.000029237873 -0.000005096737
  0.000045991368  1.295159636154  0.000163080220 -0.000045991368 -1.295159636154 -0.000163080220
  0.000136627235  0.000163079562  1.295319401909 -0.000136627235 -0.000163079562 -1.295319401909
  1.142074295247  0.000002311198  0.000004908690 -1.142074295247 -0.000002311198 -0.000004908690
  0.000000975984 -1.295128436572  0.000003083223 -0.000000975984  1.295128436572 -0.000003083223
  0.000000559152  0.000003083209 -1.295125486863 -0.000000559152 -0.000003083209  1.295125486863



 nr electrons from xc =    10.0000017790056     


 nr electrons from xc =    10.0000017790056     


 nr electrons from xc =    10.0000017790056     


 nr electrons from xc =    10.0000017790056     


 nr electrons from xc =    10.0000017790056     


 nr electrons from xc =    10.0000017790056     


 nr electrons from xc =    10.0000017790056     


 nr electrons from xc =    10.0000017790056     


 nr electrons from xc =    10.0000017790056     


 nr electrons from xc =    10.0000017790056     


 nr electrons from xc =    10.0000017790056     


 nr electrons from xc =    10.0000017790056     


 nr electrons from xc =    10.0000017790056     


 nr electrons from xc =    10.0000017790056     


 nr electrons from xc =    10.0000017790056     


 nr electrons from xc =    10.0000017790056     


 nr electrons from xc =    10.0000017790056     


 nr electrons from xc =    10.0000017790056     


 nr electrons from xc =    10.0000017790056     


 nr electrons from xc =    10.0000017790056     


 nr electrons from xc =    10.0000017790056     
xc_hes
  0.088582232594 -0.001623538323 -0.006459226366 -0.086182013154  0.000002644299  0.000001344731
  0.000000000000  0.146166130900 -0.002350241411  0.000004874114 -0.144737020135  0.000013270192
  0.000000000000  0.000000000000  0.140603795648  0.000013604396  0.000013270149 -0.144721940160
  0.000000000000  0.000000000000  0.000000000000  0.086172893643  0.000000331136  0.000001342953
  0.000000000000  0.000000000000  0.000000000000  0.000000000000  0.144734442234  0.000000347093
  0.000000000000  0.000000000000  0.000000000000  0.000000000000  0.000000000000  0.144735142589

 hessian column sum           1 -5.678556219095299E-003
 hessian column sum           2 -2.529856062455232E-003
 hessian column sum           3 -1.290983385073619E-002
 hessian column sum           4  2.907472972157876E-006
 hessian column sum           5  1.697847507439731E-005
 hessian column sum           6  3.538931565223724E-005
hessian = Egg
  0.968166801358 -0.001624146400 -0.006460101889 -0.965766581918  0.000003252376  0.000002220254
 -0.001624146400 -0.078885366606 -0.002352488838  0.000002150792  0.080314477371  0.000015517619
 -0.006460101889 -0.002352488838 -0.084450410485  0.000005383776  0.000015517614  0.080332265973
 -0.965766581918  0.000002150792  0.000005383776  0.965761346903  0.000000007096  0.000000600823
  0.000003252376  0.080314477371  0.000015517614  0.000000007096 -0.080316844749  0.000000568767
  0.000002220254  0.000015517619  0.080332265973  0.000000600823  0.000000568767 -0.080315784120



 nr electrons from xc =    10.0000017790056     


 nr electrons from xc =    10.0000017790056     


 nr electrons from xc =    10.0000017790056     


 nr electrons from xc =    10.0000017790056     


 nr electrons from xc =    10.0000017790056     


 nr electrons from xc =    10.0000017790056     


 nr electrons from xc =    10.0000017790056     


 nr electrons from xc =    10.0000017790056     


 nr electrons from xc =    10.0000017790056     


 nr electrons from xc =    10.0000017790056     


 nr electrons from xc =    10.0000017790056     


 nr electrons from xc =    10.0000017790056     


 nr electrons from xc =    10.0000017790056     


 nr electrons from xc =    10.0000017790056     


 nr electrons from xc =    10.0000017790056     


 nr electrons from xc =    10.0000017790056     


 nr electrons from xc =    10.0000017790056     


 nr electrons from xc =    10.0000017790056     


 nr electrons from xc =    10.0000017790056     


 nr electrons from xc =    10.0000017790056     


 nr electrons from xc =    10.0000017790056     


 nr electrons from xc =    10.0000017790056     


 nr electrons from xc =    10.0000017790056     


 nr electrons from xc =    10.0000017790056     


 nr electrons from xc =    10.0000017790056     


 nr electrons from xc =    10.0000017790056     


 nr electrons from xc =    10.0000017790056     


 nr electrons from xc =    10.0000017790056     


 nr electrons from xc =    10.0000017790056     


 nr electrons from xc =    10.0000017790056     


 nr electrons from xc =    10.0000017790056     


 nr electrons from xc =    10.0000017790056     


 nr electrons from xc =    10.0000017790056     


 nr electrons from xc =    10.0000017790056     


 nr electrons from xc =    10.0000017790056     


 nr electrons from xc =    10.0000017790056     


 nr electrons from xc =    10.0000017790056     


 nr electrons from xc =    10.0000017790056     


 nr electrons from xc =    10.0000017790056     


 nr electrons from xc =    10.0000017790056     


 nr electrons from xc =    10.0000017790056     


 nr electrons from xc =    10.0000017790056     


 nr electrons from xc =    10.0000017790056     


 nr electrons from xc =    10.0000017790056     


 nr electrons from xc =    10.0000017790056     


 nr electrons from xc =    10.0000017790056     


 nr electrons from xc =    10.0000017790056     


 nr electrons from xc =    10.0000017790056     


 nr electrons from xc =    10.0000017790056     


 nr electrons from xc =    10.0000017790056     


 nr electrons from xc =    10.0000017790056     


 nr electrons from xc =    10.0000017790056     


 nr electrons from xc =    10.0000017790056     


 nr electrons from xc =    10.0000017790056     


 nr electrons from xc =    10.0000017790056     


 nr electrons from xc =    10.0000017790056     
xc_cub
 -0.730312526226  0.045269042253  0.165151119232  0.617273747921  0.000004027155  0.000154739435
  0.000000000000  4.653075695038  0.063661344349 -0.000034612436 -0.051745273173 -0.000208553000
  0.000000000000  0.000000000000  4.806128978729 -0.000029888688 -0.000208552752 -0.051632586867
  0.000000000000  0.000000000000  0.000000000000 -0.617148756981  0.000002037388 -0.000000382236
  0.000000000000  0.000000000000  0.000000000000  0.000000000000  0.051570031792 -0.000001818847
  0.000000000000  0.000000000000  0.000000000000  0.000000000000  0.000000000000  0.051572889090
  0.000000000000  0.000000000000  0.000000000000  0.000000000000  0.000000000000  0.000000000000
  0.000000000000 -0.021689204499 -0.058293785900 -0.051590144634  0.000124236773  0.000232151957
  0.000000000000  0.000000000000 -0.002213020809 -0.000098064629  0.000238245513  0.000083996223
  0.000000000000  0.000000000000  0.000000000000  0.000001262966  0.051566798240  0.000010650197
  0.000000000000  0.000000000000  0.000000000000  0.000000000000 -0.000001390653  0.000000138045
  0.000000000000  0.000000000000  0.000000000000  0.000000000000  0.000000000000 -0.000001840794
  0.000000000000  0.000000000000  0.000000000000  0.000000000000  0.000000000000  0.000000000000
  0.000000000000  0.000000000000  0.000000000000  0.000000000000  0.000000000000  0.000000000000
  0.000000000000  0.000000000000 -0.040096394718 -0.051651868969  0.000081268649  0.000318953913
  0.000000000000  0.000000000000  0.000000000000  0.000006677420  0.000010650142  0.051583565772
  0.000000000000  0.000000000000  0.000000000000  0.000000000000 -0.000005955387  0.000000886416
  0.000000000000  0.000000000000  0.000000000000  0.000000000000  0.000000000000 -0.000007281184
  0.000000000000  0.000000000000  0.000000000000  0.000000000000  0.000000000000  0.000000000000
  0.000000000000  0.000000000000  0.000000000000  0.000000000000  0.000000000000  0.000000000000
  0.000000000000  0.000000000000  0.000000000000  0.000000000000  0.000000000000  0.000000000000
  0.000000000000  0.000000000000  0.000000000000  0.617147147655  0.000001420662  0.000004148321
  0.000000000000  0.000000000000  0.000000000000  0.000000000000  0.078058011830 -0.000001551027
  0.000000000000  0.000000000000  0.000000000000  0.000000000000  0.000000000000  0.078050501645
  0.000000000000  0.000000000000  0.000000000000  0.000000000000  0.000000000000  0.000000000000
  0.000000000000  0.000000000000  0.000000000000  0.000000000000  0.000000000000  0.000000000000
  0.000000000000  0.000000000000  0.000000000000  0.000000000000  0.000000000000  0.000000000000
  0.000000000000  0.000000000000  0.000000000000  0.000000000000  0.000000000000  0.000000000000
  0.000000000000  0.000000000000  0.000000000000  0.000000000000  0.000019493104  0.000002479023
  0.000000000000  0.000000000000  0.000000000000  0.000000000000  0.000000000000  0.000008265783
  0.000000000000  0.000000000000  0.000000000000  0.000000000000  0.000000000000  0.000000000000
  0.000000000000  0.000000000000  0.000000000000  0.000000000000  0.000000000000  0.000000000000
  0.000000000000  0.000000000000  0.000000000000  0.000000000000  0.000000000000  0.000000000000
  0.000000000000  0.000000000000  0.000000000000  0.000000000000  0.000000000000  0.000000000000
  0.000000000000  0.000000000000  0.000000000000  0.000000000000  0.000000000000  0.000000000000
  0.000000000000  0.000000000000  0.000000000000  0.000000000000  0.000000000000 -0.000005461067

cubicff = Eggg
 -3.111560942113  0.045267640804  0.165150618330  2.998517337304  0.000008040357  0.000156485950
 -0.000001358871  5.216808962433  0.063636425328 -0.000035322942 -0.615478603922 -0.000192111028
 -0.000000404488 -0.000024919024  5.369829215877 -0.000030646959 -0.000192111047 -0.615343791246
  2.381243589590 -0.000000668190 -0.000000661934 -2.998387519666  0.000000093559 -0.000000966645
  0.000003970377 -0.563733331016  0.000016440288 -0.000001901267  0.615303426491 -0.000009781433
  0.000001648810  0.000016440561 -0.563711206040 -0.000000486779 -0.000007962589  0.615295063567
 -0.000001358871  0.563733267395 -0.000024919022 -0.000000710505 -0.563733330749  0.000016441972
  0.563701960713 -0.021648654252 -0.058257734856 -0.615299797222  0.000097661076  0.000211210294
 -0.000024914743  0.000036031469 -0.002212473136 -0.000081313047  0.000213208053  0.000082732838
 -0.000000711034 -0.563740960209  0.000016755861  0.000004043341  0.615307821227  0.000002370511
 -0.563702024597 -0.000026575140 -0.000025057044  0.563709715896  0.000011211968  0.000010087695
  0.000016434875 -0.000020921269 -0.000001263394 -0.000008272588  0.000009929247  0.000000139390
 -0.000000404488 -0.000024919024  0.563700237147 -0.000000758271  0.000016441706 -0.563711204379
 -0.000024914743  0.000036031469  0.000000547673  0.000016751582 -0.000025037460 -0.000001263385
  0.563668960913  0.000000556198 -0.040085178707 -0.615339774898  0.000083314900  0.000312350748
 -0.000000758430  0.000016755860 -0.563719183100  0.000008598630  0.000002370517  0.615313714132
  0.000016434608 -0.000025037463  0.000002055315 -0.000008272531  0.000008088338 -0.000000452639
 -0.563679931442 -0.000001271930 -0.000006602362  0.563698874487 -0.000001329971 -0.000005292463
  2.381243589590 -0.000000668190 -0.000000661934 -2.381238762685 -0.000001943829 -0.000000584409
 -0.000000711034 -0.563740960209  0.000016755861  0.000002780376  0.563741022987 -0.000008279685
 -0.000000758430  0.000016755860 -0.563719183100  0.000001921211 -0.000008279625  0.563730148361
 -2.381238762892  0.000002737794  0.000001824790  2.998381083243  0.000001295153  0.000003570602
 -0.000001900738  0.563741023254 -0.000008278212 -0.000000168336 -0.485683074530 -0.000001749644
 -0.000000486620 -0.000008278271  0.563730150021 -0.000000675431 -0.000000198617 -0.485690614844
  0.000003970377 -0.563733331016  0.000016440288 -0.000001901267  0.563733394699 -0.000007962585
 -0.563702024597 -0.000026575140 -0.000025057044  0.563709715896  0.000012602622  0.000009949649
  0.000016434608 -0.000025037463  0.000002055315 -0.000008272531  0.000014043724 -0.000001339055
 -0.000001900738  0.563741023254 -0.000008278212 -0.000000168336 -0.563741086360 -0.000000198617
  0.563702088810  0.000012602065  0.000014063315 -0.563709779532  0.000020861524  0.000003521116
 -0.000007954087  0.000009929250 -0.000001339046 -0.000000207115  0.000001062503  0.000008887493
  0.000001648810  0.000016440561 -0.563711206040 -0.000000486779 -0.000007962589  0.563722174478
  0.000016434875 -0.000020921269 -0.000001263394 -0.000008272588  0.000009929247  0.000001980183
 -0.563679931442 -0.000001271930 -0.000006602362  0.563698874487 -0.000001329971  0.000001988720
 -0.000000486620 -0.000008278271  0.563730150021 -0.000000675431 -0.000000198617 -0.563741116488
 -0.000007954087  0.000009929250 -0.000001339046 -0.000000207115  0.000001062503  0.000000621709
  0.563690903177  0.000001988740  0.000001987917 -0.563709844251  0.000000612614 -0.000002834545

lda_fh.tar.gz has not been created and has thus not been copied to /home/bast/dalton/develop/external/openrsp/test/cubicff-fh
----------------------------------------------------------
WARNING for ERROR  (Dalton program stopped with exit code 0)
- THEREFORE scratch directory /scratch/DALTON_scratch/bast/lda_fh is not deleted
  by this script so you may restart the calculation, if possible
  ( /scratch/DALTON_scratch/bast/lda_fh may be deleted by your queueing system )
- REMEMBER to delete /scratch/DALTON_scratch/bast/lda_fh yourself !!!

Output from 'grep -n ERROR' :
139:.MAX ERROR                                        

   Mon Apr 30 16:30:41 CEST 2012
   ***************************************** 
