$ERROR 1.E-6
Nlines 4:d/dg dipmom = -Egf
$ERROR 1.E-6
Nlines 10:d/dg Alpha = -Egff w: 0.144 0.000-0.144
$ERROR 1.E-6
Nlines 10:d/dg Alpha = -Egff w:-0.072 0.000 0.072
$ERROR 1.E-6
Nlines 10:d/dg Alpha = -Egff w: 0.072-0.144 0.072
$ERROR 1.E-6
Nlines 10:d/dg Alpha = -Egff w:-0.144 0.072 0.072
$ERROR 1.E-6
Nlines 28:d/dg Beta = -Egfff w: 0.072 0.000-0.144 0.072
$ERROR 1.E-6
Nlines 28:d/dg Beta = -Egfff w:-0.144 0.000 0.072 0.072
$ERROR 1.E-6
Nlines 28:d/dg Beta = -Egfff w: 0.000-0.144 0.072 0.072
