dipmom = -Ef
 -0.000000000000  0.000000000000  1.315279309507

 before response solver: norm(RHS) =    3.9260703322350894     
 before response solver: norm(RHS) =    5.1030147148076059     
 before response solver: norm(RHS) =    4.6122823311917234     

Alpha = -Eff w:-0.072 0.072
   5.28781392492   1.32000970234   0.00000000000
   1.32000970187  17.04932236627   0.00000000000
   0.00000000000  -0.00000000000   9.27218928047

 before response solver: norm(RHS) =    3.3456567457140536     

 before response solver: norm(RHS) =    3.8021091963948170     
 before response solver: norm(RHS) =    17.423668054731220     

 before response solver: norm(RHS) =    4.5911594184078970     
 before response solver: norm(RHS) =    5.4607170682526203     
 before response solver: norm(RHS) =    8.8436631737158145     

d/dg Alpha = -Egff w: 0.000-0.072 0.072
  -0.99826391451   0.12410845550  -0.49212082954   0.99826391451  -0.12410845550  -0.49212082954   1.60483714578   0.06481888390   0.49212082954  -1.60483714578  -0.06481888390   0.49212082954
   2.94142676324   0.09012749253  -1.03083756701  -2.94142676324  -0.09012749253  -1.03083756701   1.29139845699   0.70853664253   1.03083756701  -1.29139845699  -0.70853664253   1.03083756701
  -2.05027898916  -0.32110212302  -1.68390542729  -2.05027898916  -0.32110212302   1.68390542729   2.05027898916   0.32110212302   2.06599106925   2.05027898916   0.32110212302  -2.06599106925
   2.94142676324   0.09012749253  -1.03083756701  -2.94142676324  -0.09012749253  -1.03083756701   1.29139845699   0.70853664253   1.03083756701  -1.29139845699  -0.70853664253   1.03083756701
  -1.18433882575  17.77616853579  -1.92780619261   1.18433882575 -17.77616853579  -1.92780619261   0.76597302878   1.41113796012   1.92780619261  -0.76597302878  -1.41113796012   1.92780619261
  -0.77244381052  -1.62026988637   1.22360885916  -0.77244381052  -1.62026988637  -1.22360885916   0.77244381052   1.62026988637   2.82024403750   0.77244381052   1.62026988637  -2.82024403750
  -2.05027898916  -0.32110212302  -1.68390542729  -2.05027898916  -0.32110212302   1.68390542729   2.05027898916   0.32110212302   2.06599106925   2.05027898916   0.32110212302  -2.06599106925
  -0.77244381052  -1.62026988637   1.22360885916  -0.77244381052  -1.62026988637  -1.22360885916   0.77244381052   1.62026988637   2.82024403750   0.77244381052   1.62026988637  -2.82024403750
  -1.00120831722   0.05810111356  -5.48204260580   1.00120831722  -0.05810111356  -5.48204260580   1.06208478830   0.61343365907   5.48204260580  -1.06208478830  -0.61343365907   5.48204260580

 before response solver: norm(RHS) =    3.3826003304420516     

 before response solver: norm(RHS) =    3.8115958707765309     
 before response solver: norm(RHS) =    17.726914133850126     

 before response solver: norm(RHS) =    4.6127085321943007     
 before response solver: norm(RHS) =    5.4919328406931083     
 before response solver: norm(RHS) =    8.9337621538820571     

Gamma = -Effff w:-0.072 0.072-0.072 0.072
   25.7105894484   25.7307262833    0.0000000000
   25.7307262890   23.5187896710    0.0000000000
    0.0000000000    0.0000000000   73.2668733523
   25.7307262885   20.9892720831    0.0000000000
   23.5187896842   -2.6583907278    0.0000000000
    0.0000000000    0.0000000000   77.9089433144
    0.0000000000    0.0000000000   69.3825358180
    0.0000000000    0.0000000000   75.9396404937
   73.2668733554   77.9089433029    0.0000000000
   25.7307262890   23.5187896710    0.0000000000
   20.9892720886   -2.6583907387    0.0000000000
    0.0000000000    0.0000000000   77.9089433188
   23.5187896842   -2.6583907278    0.0000000000
   -2.6583907325 -330.8303965328    0.0000000000
    0.0000000000    0.0000000000  108.4732403624
    0.0000000000    0.0000000000   75.9396404937
    0.0000000000    0.0000000000  104.7780376102
   77.9089432973  108.4732403647    0.0000000000
    0.0000000000    0.0000000000   73.2668733523
    0.0000000000    0.0000000000   77.9089433188
   69.3825358146   75.9396404953    0.0000000000
    0.0000000000    0.0000000000   77.9089433144
    0.0000000000    0.0000000000  108.4732403624
   75.9396404855  104.7780375974    0.0000000000
   73.2668733554   77.9089433029    0.0000000000
   77.9089432973  108.4732403647    0.0000000000
    0.0000000000    0.0000000000  245.5398396767

