$ERROR 1.E-6
Nlines 4:d/dg dipmom
$ERROR 1.E-6
Nlines 10:d/dg Alpha
