
   ***************************************** 
   **** OUTPUT FROM DALTON SHELL SCRIPT **** 
   ***************************************** 

   Dalton Release DALTON2011 (DEVELOPMENT VERSION)

   Invocation: /home/bast/dalton/gaobin/openrsp/../build/dalton -d -put DALTON.HES -nobackup -noarch vibbeta.dal methane.mol

   Fri Jan 13 22:10:15 CET 2012

   Calculation: vibbeta_methane  (input files: vibbeta.dal and methane.mol)
   PID        : 5704
   Input dir  : /home/bast/dalton/gaobin/openrsp/test/vibbeta
   Scratch dir: /scratch/DALTON_scratch/bast/vibbeta_methane

copying DALTON.HES to scratch directory
dipmom = -Ef
 -0.000000000000 -0.000000000000  0.000000000000

 before response solver: norm(RHS) =    4.0834388536409367     
 before response solver: norm(RHS) =    4.0834388536409358     
 before response solver: norm(RHS) =    4.0834388538406445     

Alpha = -Eff w:-0.000 0.000
  12.38213944890   0.00000000000   0.00000000000
   0.00000000000  12.38213944890   0.00000000000
   0.00000000000   0.00000000000  12.38213945021

d/dg dipmom = -Egf w:-0.000 0.000
  0.086097472824  0.000000000000  0.000000000000 -0.021524368207 -0.079486755024 -0.079486755091 -0.021524368205 -0.079486755023  0.079486755090 -0.021524368205  0.079486755023 -0.079486755090 -0.021524368207  0.079486755024  0.079486755091
  0.000000000000  0.086097472824  0.000000000000 -0.079486755024 -0.021524368206 -0.079486755090 -0.079486755024 -0.021524368206  0.079486755090  0.079486755024 -0.021524368206  0.079486755090  0.079486755024 -0.021524368206 -0.079486755090
  0.000000000000  0.000000000000  0.086097473080 -0.079486755014 -0.079486755014 -0.021524368270  0.079486755014  0.079486755014 -0.021524368270 -0.079486755015  0.079486755015 -0.021524368270  0.079486755015 -0.079486755015 -0.021524368270

 before response solver: norm(RHS) =    8.9484810572378723     

 before response solver: norm(RHS) =    9.2813886715355931     
 before response solver: norm(RHS) =    8.9484810572379132     

 before response solver: norm(RHS) =    9.2813886717394851     
 before response solver: norm(RHS) =    9.2813886717396290     
 before response solver: norm(RHS) =    8.9484810574406612     

Beta = -Efff w: 0.000 0.000 0.000
  -0.00000000315  -0.00000000000  -0.00000000000
  -0.00000000014  -0.00000000043 -29.36452841986
   0.00000000023 -29.36452841986  -0.00000000043
  -0.00000000014  -0.00000000043 -29.36452841986
  -0.00000000000  -0.00000000101  -0.00000000000
 -29.36452841986   0.00000000023  -0.00000000014
   0.00000000023 -29.36452841986  -0.00000000043
 -29.36452841986   0.00000000023  -0.00000000014
  -0.00000000000  -0.00000000000   0.00000000169

d/dg Alpha = -Egff w:-0.000 0.000 0.000
 -0.000000000060 -0.000000000000 -0.000000000000  3.959779250853  0.747073730313  0.747073730094 -3.959779250823 -0.747073730283  0.747073730064 -3.959779250823  0.747073730283 -0.747073730064  3.959779250853 -0.747073730313 -0.747073730094
 -0.000000000001 -0.000000000000 -4.973701100218  2.083531928245  2.083531928248  1.243425275050 -2.083531928252 -2.083531928250  1.243425275060  2.083531928253 -2.083531928247  1.243425275057 -2.083531928245  2.083531928250  1.243425275052
  0.000000000001 -4.973701100123 -0.000000000001  2.083531928241  1.243425275029  2.083531928251  2.083531928249  1.243425275037 -2.083531928251 -2.083531928249  1.243425275033 -2.083531928247 -2.083531928242  1.243425275025  2.083531928247
 -0.000000000001 -0.000000000000 -4.973701100218  2.083531928245  2.083531928248  1.243425275050 -2.083531928252 -2.083531928250  1.243425275060  2.083531928253 -2.083531928247  1.243425275057 -2.083531928245  2.083531928250  1.243425275052
 -0.000000000000 -0.000000000020 -0.000000000000  0.747073730303  3.959779250843  0.747073730084 -0.747073730293 -3.959779250833  0.747073730074 -0.747073730303  3.959779250843 -0.747073730084  0.747073730293 -3.959779250833 -0.747073730074
 -4.973701100124  0.000000000001 -0.000000000001  1.243425275032  2.083531928244  2.083531928252  1.243425275034  2.083531928246 -2.083531928251  1.243425275028 -2.083531928244  2.083531928247  1.243425275030 -2.083531928247 -2.083531928247
  0.000000000001 -4.973701100123 -0.000000000001  2.083531928241  1.243425275029  2.083531928251  2.083531928249  1.243425275037 -2.083531928251 -2.083531928249  1.243425275033 -2.083531928247 -2.083531928242  1.243425275025  2.083531928247
 -4.973701100124  0.000000000001 -0.000000000001  1.243425275032  2.083531928244  2.083531928252  1.243425275034  2.083531928246 -2.083531928251  1.243425275028 -2.083531928244  2.083531928247  1.243425275030 -2.083531928247 -2.083531928247
 -0.000000000000 -0.000000000000  0.000000000034  0.747073730239  0.747073730239  3.959779250798 -0.747073730239 -0.747073730239  3.959779250797 -0.747073730256  0.747073730256 -3.959779250814  0.747073730256 -0.747073730255 -3.959779250814

 WARNING: could not verify DALTON.HES geometry - make sure it is correct
 WARNING: could not verify DALTON.HES geometry - make sure it is correct
 WARNING: could not verify DALTON.HES geometry - make sure it is correct
 WARNING: could not verify DALTON.HES geometry - make sure it is correct
 WARNING: could not verify DALTON.HES geometry - make sure it is correct
 WARNING: could not verify DALTON.HES geometry - make sure it is correct
 WARNING: could not verify DALTON.HES geometry - make sure it is correct
 WARNING: could not verify DALTON.HES geometry - make sure it is correct
 WARNING: could not verify DALTON.HES geometry - make sure it is correct
 WARNING: could not verify DALTON.HES geometry - make sure it is correct
 WARNING: could not verify DALTON.HES geometry - make sure it is correct
 WARNING: could not verify DALTON.HES geometry - make sure it is correct
 WARNING: could not verify DALTON.HES geometry - make sure it is correct
vibbeta_methane.tar.gz has not been created and has thus not been copied to /home/bast/dalton/gaobin/openrsp/test/vibbeta
----------------------------------------------------------
WARNING for ERROR  (Dalton program stopped with exit code 0)
- THEREFORE scratch directory /scratch/DALTON_scratch/bast/vibbeta_methane is not deleted
  by this script so you may restart the calculation, if possible
  ( /scratch/DALTON_scratch/bast/vibbeta_methane may be deleted by your queueing system )
- REMEMBER to delete /scratch/DALTON_scratch/bast/vibbeta_methane yourself !!!

Output from 'grep -n ERROR' :
153:.MAX ERROR                                        

   Fri Jan 13 22:10:17 CET 2012
   ***************************************** 
