
   ***************************************** 
   **** OUTPUT FROM DALTON SHELL SCRIPT **** 
   ***************************************** 

   Dalton Release DALTON2011 (DEVELOPMENT VERSION)

   Invocation: /home/bast/dalton/openrsp-xc/openrsp/../build/dalton -d -put DALTON.HES -nobackup -noarch vibbeta.dal tetrafluoromethane.mol

   Mon Jan 16 15:52:12 CET 2012

   Calculation: vibbeta_tetrafluoromethane  (input files: vibbeta.dal and tetrafluoromethane.mol)
   PID        : 29735
   Input dir  : /home/bast/dalton/openrsp-xc/openrsp/test/vibbeta
   Scratch dir: /scratch/DALTON_scratch/bast/vibbeta_tetrafluoromethane

copying DALTON.HES to scratch directory
dipmom = -Ef
 -0.000000000000  0.000000000000 -0.000000000000

 before response solver: norm(RHS) =    6.0694870640418497     
 before response solver: norm(RHS) =    6.0694870640418452     
 before response solver: norm(RHS) =    6.0694870642654974     

Alpha = -Eff w:-0.000 0.000
  12.52633517470   0.00000000000   0.00000000000
   0.00000000000  12.52633517470  -0.00000000000
   0.00000000000  -0.00000000000  12.52633517691

d/dg dipmom = -Egf w:-0.000 0.000
  2.180094068231 -0.000000000000 -0.000000000000 -0.545023517058 -0.179749940406 -0.179749940379 -0.545023517058 -0.179749940406  0.179749940379 -0.545023517058  0.179749940406 -0.179749940379 -0.545023517058  0.179749940406  0.179749940379
 -0.000000000000  2.180094068231  0.000000000000 -0.179749940406 -0.545023517058 -0.179749940379 -0.179749940406 -0.545023517058  0.179749940379  0.179749940406 -0.545023517058  0.179749940379  0.179749940406 -0.545023517058 -0.179749940379
  0.000000000000 -0.000000000000  2.180094067787 -0.179749940412 -0.179749940412 -0.545023516947  0.179749940412  0.179749940412 -0.545023516947 -0.179749940412  0.179749940412 -0.545023516947  0.179749940412 -0.179749940412 -0.545023516947

 before response solver: norm(RHS) =    7.8473778358821624     

 before response solver: norm(RHS) =    5.4053963793979563     
 before response solver: norm(RHS) =    7.8473778358821971     

 before response solver: norm(RHS) =    5.4053963810179617     
 before response solver: norm(RHS) =    5.4053963810178747     
 before response solver: norm(RHS) =    7.8473778375727274     

Beta = -Efff w: 0.000 0.000 0.000
 -0.000000000054 -0.000000000000 -0.000000000000
  0.000000000052 -0.000000000027  2.748542505334
 -0.000000000041  2.748542504705 -0.000000000027
  0.000000000052 -0.000000000027  2.748542505334
  0.000000000000  0.000000000101 -0.000000000000
  2.748542504705 -0.000000000041  0.000000000052
 -0.000000000041  2.748542504705 -0.000000000027
  2.748542504705 -0.000000000041  0.000000000052
  0.000000000000 -0.000000000000 -0.000000000080

d/dg Alpha = -Egff w:-0.000 0.000 0.000
  0.000000000004 -0.000000000000 -0.000000000000  2.655262489068  0.847975804501  0.847975804495 -2.655262489070 -0.847975804502  0.847975804496 -2.655262489070  0.847975804502 -0.847975804496  2.655262489068 -0.847975804501 -0.847975804495
 -0.000000000004  0.000000000002 -1.532393777055  1.509648167435  1.509648167435  0.383098444264 -1.509648167434 -1.509648167435  0.383098444263  1.509648167436 -1.509648167436  0.383098444264 -1.509648167433  1.509648167434  0.383098444263
  0.000000000003 -1.532393777537  0.000000000002  1.509648167843  0.383098444384  1.509648167670  1.509648167842  0.383098444384 -1.509648167670 -1.509648167845  0.383098444385 -1.509648167671 -1.509648167843  0.383098444384  1.509648167670
 -0.000000000004  0.000000000002 -1.532393777055  1.509648167435  1.509648167435  0.383098444264 -1.509648167434 -1.509648167435  0.383098444263  1.509648167436 -1.509648167436  0.383098444264 -1.509648167433  1.509648167434  0.383098444263
  0.000000000000 -0.000000000007 -0.000000000000  0.847975804502  2.655262489071  0.847975804496 -0.847975804500 -2.655262489067  0.847975804495 -0.847975804502  2.655262489071 -0.847975804496  0.847975804500 -2.655262489067 -0.847975804495
 -1.532393777537  0.000000000003 -0.000000000004  0.383098444384  1.509648167843  1.509648167671  0.383098444384  1.509648167842 -1.509648167669  0.383098444385 -1.509648167845  1.509648167672  0.383098444384 -1.509648167843 -1.509648167669
  0.000000000003 -1.532393777537  0.000000000002  1.509648167843  0.383098444384  1.509648167670  1.509648167842  0.383098444384 -1.509648167670 -1.509648167845  0.383098444385 -1.509648167671 -1.509648167843  0.383098444384  1.509648167670
 -1.532393777537  0.000000000003 -0.000000000004  0.383098444384  1.509648167843  1.509648167671  0.383098444384  1.509648167842 -1.509648167669  0.383098444385 -1.509648167845  1.509648167672  0.383098444384 -1.509648167843 -1.509648167669
  0.000000000000 -0.000000000000  0.000000000005  0.847975805075  0.847975805075  2.655262489778 -0.847975805075 -0.847975805075  2.655262489778 -0.847975805076  0.847975805076 -2.655262489780  0.847975805076 -0.847975805076 -2.655262489780

 WARNING: could not verify DALTON.HES geometry - make sure it is correct
 WARNING: could not verify DALTON.HES geometry - make sure it is correct
 WARNING: could not verify DALTON.HES geometry - make sure it is correct
 WARNING: could not verify DALTON.HES geometry - make sure it is correct
 WARNING: could not verify DALTON.HES geometry - make sure it is correct
 WARNING: could not verify DALTON.HES geometry - make sure it is correct
 WARNING: could not verify DALTON.HES geometry - make sure it is correct
 WARNING: could not verify DALTON.HES geometry - make sure it is correct
 WARNING: could not verify DALTON.HES geometry - make sure it is correct
 WARNING: could not verify DALTON.HES geometry - make sure it is correct
 WARNING: could not verify DALTON.HES geometry - make sure it is correct
 WARNING: could not verify DALTON.HES geometry - make sure it is correct
 WARNING: could not verify DALTON.HES geometry - make sure it is correct
vibbeta_tetrafluoromethane.tar.gz has not been created and has thus not been copied to /home/bast/dalton/openrsp-xc/openrsp/test/vibbeta
----------------------------------------------------------
WARNING for ERROR  (Dalton program stopped with exit code 0)
- THEREFORE scratch directory /scratch/DALTON_scratch/bast/vibbeta_tetrafluoromethane is not deleted
  by this script so you may restart the calculation, if possible
  ( /scratch/DALTON_scratch/bast/vibbeta_tetrafluoromethane may be deleted by your queueing system )
- REMEMBER to delete /scratch/DALTON_scratch/bast/vibbeta_tetrafluoromethane yourself !!!

Output from 'grep -n ERROR' :
153:.MAX ERROR                                        

   Mon Jan 16 15:54:07 CET 2012
   ***************************************** 
